Component: ARM Compiler 5.06 update 7 (build 960) Tool: armlink [4d3601]

==============================================================================

Section Cross References

    main.o(i.DMA_Init) refers to stm32l4xx_hal_cortex.o(i.HAL_NVIC_SetPriority) for HAL_NVIC_SetPriority
    main.o(i.DMA_Init) refers to stm32l4xx_hal_cortex.o(i.HAL_NVIC_EnableIRQ) for HAL_NVIC_EnableIRQ
    main.o(i.MX_GPIO_Init) refers to rt_memclr_w.o(.text) for __aeabi_memclr4
    main.o(i.MX_GPIO_Init) refers to stm32l4xx_hal_gpio.o(i.HAL_GPIO_Init) for HAL_GPIO_Init
    main.o(i.MX_GPIO_Init) refers to stm32l4xx_hal_gpio.o(i.HAL_GPIO_WritePin) for HAL_GPIO_WritePin
    main.o(i.Main_Thread) refers to fs_mapi.o(i.finit) for finit
    main.o(i.Main_Thread) refers to fs_mapi.o(i.fmount) for fmount
    main.o(i.SPI_1_Init) refers to rt_memclr_w.o(.text) for __aeabi_memclr4
    main.o(i.SPI_1_Init) refers to stm32l4xx_hal_gpio.o(i.HAL_GPIO_Init) for HAL_GPIO_Init
    main.o(i.SPI_1_Init) refers to stm32l4xx_hal_spi.o(i.HAL_SPI_Init) for HAL_SPI_Init
    main.o(i.SPI_1_Init) refers to main.o(i.Error_Handler) for Error_Handler
    main.o(i.SPI_1_Init) refers to stm32l4xx_hal_dma.o(i.HAL_DMA_Init) for HAL_DMA_Init
    main.o(i.SPI_1_Init) refers to main.o(.bss) for hspi1
    main.o(i.SystemClock_Config) refers to rt_memclr_w.o(.text) for __aeabi_memclr4
    main.o(i.SystemClock_Config) refers to stm32l4xx_hal_pwr_ex.o(i.HAL_PWREx_ControlVoltageScaling) for HAL_PWREx_ControlVoltageScaling
    main.o(i.SystemClock_Config) refers to main.o(i.Error_Handler) for Error_Handler
    main.o(i.SystemClock_Config) refers to stm32l4xx_hal_rcc.o(i.HAL_RCC_OscConfig) for HAL_RCC_OscConfig
    main.o(i.SystemClock_Config) refers to stm32l4xx_hal_rcc.o(i.HAL_RCC_ClockConfig) for HAL_RCC_ClockConfig
    main.o(i.SystemClock_Config) refers to stm32l4xx_hal_rcc.o(i.HAL_RCC_GetHCLKFreq) for HAL_RCC_GetHCLKFreq
    main.o(i.SystemClock_Config) refers to stm32l4xx_hal_cortex.o(i.HAL_SYSTICK_Config) for HAL_SYSTICK_Config
    main.o(i.SystemClock_Config) refers to stm32l4xx_hal_cortex.o(i.HAL_SYSTICK_CLKSourceConfig) for HAL_SYSTICK_CLKSourceConfig
    main.o(i.SystemClock_Config) refers to stm32l4xx_hal_cortex.o(i.HAL_NVIC_SetPriority) for HAL_NVIC_SetPriority
    main.o(i.fs_mc_read_cd) refers to stm32l4xx_hal_gpio.o(i.HAL_GPIO_ReadPin) for HAL_GPIO_ReadPin
    main.o(i.fs_mc_spi_control_ss) refers to stm32l4xx_hal_gpio.o(i.HAL_GPIO_WritePin) for HAL_GPIO_WritePin
    main.o(i.main) refers to stm32l4xx_hal.o(i.HAL_Init) for HAL_Init
    main.o(i.main) refers to main.o(i.SystemClock_Config) for SystemClock_Config
    main.o(i.main) refers to main.o(i.MX_GPIO_Init) for MX_GPIO_Init
    main.o(i.main) refers to main.o(i.DMA_Init) for DMA_Init
    main.o(i.main) refers to main.o(i.SPI_1_Init) for SPI_1_Init
    main.o(i.main) refers to rtx_kernel.o(.text.osKernelInitialize) for osKernelInitialize
    main.o(i.main) refers to rtx_thread.o(.text.osThreadNew) for osThreadNew
    main.o(i.main) refers to rtx_kernel.o(.text.osKernelStart) for osKernelStart
    main.o(i.main) refers to main.o(.constdata) for main_thread_attributes
    main.o(i.main) refers to main.o(i.Main_Thread) for Main_Thread
    main.o(.constdata) refers to main.o(.bss) for main_thread_stack
    stm32l4xx_it.o(i.DMA1_Channel2_IRQHandler) refers to stm32l4xx_hal_dma.o(i.HAL_DMA_IRQHandler) for HAL_DMA_IRQHandler
    stm32l4xx_it.o(i.DMA1_Channel2_IRQHandler) refers to main.o(.bss) for hdma_spi1_rx
    stm32l4xx_it.o(i.DMA1_Channel3_IRQHandler) refers to stm32l4xx_hal_dma.o(i.HAL_DMA_IRQHandler) for HAL_DMA_IRQHandler
    stm32l4xx_it.o(i.DMA1_Channel3_IRQHandler) refers to main.o(.bss) for hdma_spi1_tx
    stm32l4xx_it.o(i.SysTick_Handler) refers to stm32l4xx_hal.o(i.HAL_IncTick) for HAL_IncTick
    cmsis_os1.o(i.osMailAlloc) refers to rtx_mempool.o(.text.osMemoryPoolAlloc) for osMemoryPoolAlloc
    cmsis_os1.o(i.osMailCAlloc) refers to rtx_mempool.o(.text.osMemoryPoolGetBlockSize) for osMemoryPoolGetBlockSize
    cmsis_os1.o(i.osMailCAlloc) refers to rtx_mempool.o(.text.osMemoryPoolAlloc) for osMemoryPoolAlloc
    cmsis_os1.o(i.osMailCAlloc) refers to rt_memclr.o(.text) for __aeabi_memclr
    cmsis_os1.o(i.osMailCreate) refers to rtx_mempool.o(.text.osMemoryPoolNew) for osMemoryPoolNew
    cmsis_os1.o(i.osMailCreate) refers to rtx_msgqueue.o(.text.osMessageQueueNew) for osMessageQueueNew
    cmsis_os1.o(i.osMailCreate) refers to rtx_mempool.o(.text.osMemoryPoolDelete) for osMemoryPoolDelete
    cmsis_os1.o(i.osMailCreate) refers to rtx_msgqueue.o(.text.osMessageQueueDelete) for osMessageQueueDelete
    cmsis_os1.o(i.osMailFree) refers to rtx_mempool.o(.text.osMemoryPoolFree) for osMemoryPoolFree
    cmsis_os1.o(i.osMailGet) refers to rtx_msgqueue.o(.text.osMessageQueueGet) for osMessageQueueGet
    cmsis_os1.o(i.osMailPut) refers to rtx_msgqueue.o(.text.osMessageQueuePut) for osMessageQueuePut
[...]
    __arm_preinit_                            - Undefined Weak Reference
    __cpp_initialize__aeabi_                  - Undefined Weak Reference
    __cxa_finalize                            - Undefined Weak Reference
    __sigvec_lookup                           - Undefined Weak Reference
    __user_heap_extent                        - Undefined Weak Reference
    _atexit_init                              - Undefined Weak Reference
    _call_atexit_fns                          - Undefined Weak Reference
    _clock_init                               - Undefined Weak Reference
    _fp_trap_init                             - Undefined Weak Reference
    _fp_trap_shutdown                         - Undefined Weak Reference
    _get_lc_collate                           - Undefined Weak Reference
    _get_lc_monetary                          - Undefined Weak Reference
    _get_lc_numeric                           - Undefined Weak Reference
    _get_lc_time                              - Undefined Weak Reference
    _getenv_init                              - Undefined Weak Reference
    _handle_redirection                       - Undefined Weak Reference
    _rand_init                                - Undefined Weak Reference
    _signal_finish                            - Undefined Weak Reference
    _signal_init                              - Undefined Weak Reference
    __Vectors_Size                           0x0000018c   Number         0  startup_stm32l433xx.o ABSOLUTE
    __Vectors                                0x08000000   Data           4  startup_stm32l433xx.o(RESET)
    __Vectors_End                            0x0800018c   Data           0  startup_stm32l433xx.o(RESET)
    __main                                   0x0800018d   Thumb Code     8  __main.o(!!!main)
    __scatterload                            0x08000195   Thumb Code     0  __scatter.o(!!!scatter)
    __scatterload_rt2                        0x08000195   Thumb Code    44  __scatter.o(!!!scatter)
    __scatterload_rt2_thumb_only             0x08000195   Thumb Code     0  __scatter.o(!!!scatter)
    __scatterload_null                       0x080001a3   Thumb Code     0  __scatter.o(!!!scatter)
    __decompress                             0x080001c9   Thumb Code    58  __dczerorl.o(!!dczerorl)
    __decompress0                            0x080001c9   Thumb Code     0  __dczerorl.o(!!dczerorl)
    __scatterload_zeroinit                   0x08000205   Thumb Code    28  __scatter_zi.o(!!handler_zi)
    __rt_lib_init                            0x08000221   Thumb Code     0  libinit.o(.ARM.Collect$$libinit$$00000000)
    __rt_lib_init_fp_1                       0x08000223   Thumb Code     0  libinit2.o(.ARM.Collect$$libinit$$00000001)
    __rt_lib_init_alloca_1                   0x08000227   Thumb Code     0  libinit2.o(.ARM.Collect$$libinit$$0000002E)
    __rt_lib_init_argv_1                     0x08000227   Thumb Code     0  libinit2.o(.ARM.Collect$$libinit$$0000002C)
    __rt_lib_init_atexit_1                   0x08000227   Thumb Code     0  libinit2.o(.ARM.Collect$$libinit$$0000001B)
    __rt_lib_init_clock_1                    0x08000227   Thumb Code     0  libinit2.o(.ARM.Collect$$libinit$$00000021)
    __rt_lib_init_cpp_1                      0x08000227   Thumb Code     0  libinit2.o(.ARM.Collect$$libinit$$00000032)
    __rt_lib_init_exceptions_1               0x08000227   Thumb Code     0  libinit2.o(.ARM.Collect$$libinit$$00000030)
    __rt_lib_init_fp_trap_1                  0x08000227   Thumb Code     0  libinit2.o(.ARM.Collect$$libinit$$0000001F)
    __rt_lib_init_getenv_1                   0x08000227   Thumb Code     0  libinit2.o(.ARM.Collect$$libinit$$00000023)
    __rt_lib_init_heap_1                     0x08000227   Thumb Code     0  libinit2.o(.ARM.Collect$$libinit$$0000000A)
    __rt_lib_init_lc_collate_1               0x08000227   Thumb Code     0  libinit2.o(.ARM.Collect$$libinit$$00000011)
    __rt_lib_init_lc_ctype_1                 0x08000227   Thumb Code     0  libinit2.o(.ARM.Collect$$libinit$$00000013)
    __rt_lib_init_lc_monetary_1              0x08000227   Thumb Code     0  libinit2.o(.ARM.Collect$$libinit$$00000015)
    __rt_lib_init_lc_numeric_1               0x08000227   Thumb Code     0  libinit2.o(.ARM.Collect$$libinit$$00000017)
    __rt_lib_init_lc_time_1                  0x08000227   Thumb Code     0  libinit2.o(.ARM.Collect$$libinit$$00000019)
    __rt_lib_init_preinit_1                  0x08000227   Thumb Code     0  libinit2.o(.ARM.Collect$$libinit$$00000004)
    __rt_lib_init_rand_1                     0x08000227   Thumb Code     0  libinit2.o(.ARM.Collect$$libinit$$0000000E)
    __rt_lib_init_return                     0x08000227   Thumb Code     0  libinit2.o(.ARM.Collect$$libinit$$00000033)
    __rt_lib_init_signal_1                   0x08000227   Thumb Code     0  libinit2.o(.ARM.Collect$$libinit$$0000001D)
    __rt_lib_init_stdio_1                    0x08000227   Thumb Code     0  libinit2.o(.ARM.Collect$$libinit$$00000025)
    __rt_lib_init_user_alloc_1               0x08000227   Thumb Code     0  libinit2.o(.ARM.Collect$$libinit$$0000000C)
    __rt_lib_shutdown                        0x08000229   Thumb Code     0  libshutdown.o(.ARM.Collect$$libshutdown$$00000000)
    __rt_lib_shutdown_cpp_1                  0x0800022b   Thumb Code     0  libshutdown2.o(.ARM.Collect$$libshutdown$$00000004)
    __rt_lib_shutdown_fini_1                 0x0800022b   Thumb Code     0  libshutdown2.o(.ARM.Collect$$libshutdown$$00000002)
    __rt_lib_shutdown_fp_trap_1              0x0800022b   Thumb Code     0  libshutdown2.o(.ARM.Collect$$libshutdown$$00000009)
    __rt_lib_shutdown_heap_1                 0x0800022b   Thumb Code     0  libshutdown2.o(.ARM.Collect$$libshutdown$$00000011)
    __rt_lib_shutdown_return                 0x0800022b   Thumb Code     0  libshutdown2.o(.ARM.Collect$$libshutdown$$00000012)
    __rt_lib_shutdown_signal_1               0x0800022b   Thumb Code     0  libshutdown2.o(.ARM.Collect$$libshutdown$$0000000C)
    __rt_lib_shutdown_stdio_1                0x0800022b   Thumb Code     0  libshutdown2.o(.ARM.Collect$$libshutdown$$00000006)
    __rt_lib_shutdown_user_alloc_1           0x0800022b   Thumb Code     0  libshutdown2.o(.ARM.Collect$$libshutdown$$0000000E)
    __rt_entry                               0x0800022d   Thumb Code     0  __rtentry.o(.ARM.Collect$$rtentry$$00000000)
    __rt_entry_presh_1                       0x0800022d   Thumb Code     0  __rtentry2.o(.ARM.Collect$$rtentry$$00000002)
    __rt_entry_sh                            0x0800022d   Thumb Code     0  __rtentry4.o(.ARM.Collect$$rtentry$$00000004)
    __rt_entry_postsh_1                      0x08000233   Thumb Code     0  __rtentry2.o(.ARM.Collect$$rtentry$$00000008)
    __rt_entry_li                            0x0800023b   Thumb Code     0  __rtentry2.o(.ARM.Collect$$rtentry$$0000000A)
    __rt_entry_main                          0x0800023f   Thumb Code     0  __rtentry2.o(.ARM.Collect$$rtentry$$0000000D)
    __rt_entry_postli_1                      0x0800023f   Thumb Code     0  __rtentry2.o(.ARM.Collect$$rtentry$$0000000C)
    __rt_exit                                0x08000247   Thumb Code     0  rtexit.o(.ARM.Collect$$rtexit$$00000000)
    __rt_exit_ls                             0x08000249   Thumb Code     0  rtexit2.o(.ARM.Collect$$rtexit$$00000003)
    __rt_exit_prels_1                        0x08000249   Thumb Code     0  rtexit2.o(.ARM.Collect$$rtexit$$00000002)
    __rt_exit_exit                           0x0800024d   Thumb Code     0  rtexit2.o(.ARM.Collect$$rtexit$$00000004)
    __asm___15_EventRecorder_c_e8d3082c__atomic_inc8 0x08000255   Thumb Code    18  eventrecorder.o(.emb_text)
    __asm___15_EventRecorder_c_e8d3082c__atomic_inc32 0x08000267   Thumb Code    18  eventrecorder.o(.emb_text)
    __asm___15_EventRecorder_c_e8d3082c__atomic_wr8 0x08000279   Thumb Code    16  eventrecorder.o(.emb_text)
    __asm___15_EventRecorder_c_e8d3082c__atomic_wr32 0x08000289   Thumb Code    16  eventrecorder.o(.emb_text)
    __asm___15_EventRecorder_c_e8d3082c__LockRecord 0x08000299   Thumb Code    34  eventrecorder.o(.emb_text)
    __asm___15_EventRecorder_c_e8d3082c__UnlockRecord 0x080002bb   Thumb Code    30  eventrecorder.o(.emb_text)
    Reset_Handler                            0x080002d9   Thumb Code     8  startup_stm32l433xx.o(.text)
    ADC1_IRQHandler                          0x080002f3   Thumb Code     0  startup_stm32l433xx.o(.text)
    CAN1_RX0_IRQHandler                      0x080002f3   Thumb Code     0  startup_stm32l433xx.o(.text)
    CAN1_RX1_IRQHandler                      0x080002f3   Thumb Code     0  startup_stm32l433xx.o(.text)
    CAN1_SCE_IRQHandler                      0x080002f3   Thumb Code     0  startup_stm32l433xx.o(.text)
    CAN1_TX_IRQHandler                       0x080002f3   Thumb Code     0  startup_stm32l433xx.o(.text)
    COMP_IRQHandler                          0x080002f3   Thumb Code     0  startup_stm32l433xx.o(.text)
    CRS_IRQHandler                           0x080002f3   Thumb Code     0  startup_stm32l433xx.o(.text)
    DMA1_Channel1_IRQHandler                 0x080002f3   Thumb Code     0  startup_stm32l433xx.o(.text)
    DMA1_Channel4_IRQHandler                 0x080002f3   Thumb Code     0  startup_stm32l433xx.o(.text)
    DMA1_Channel5_IRQHandler                 0x080002f3   Thumb Code     0  startup_stm32l433xx.o(.text)
    DMA1_Channel6_IRQHandler                 0x080002f3   Thumb Code     0  startup_stm32l433xx.o(.text)
    DMA1_Channel7_IRQHandler                 0x080002f3   Thumb Code     0  startup_stm32l433xx.o(.text)
    DMA2_Channel1_IRQHandler                 0x080002f3   Thumb Code     0  startup_stm32l433xx.o(.text)
    DMA2_Channel2_IRQHandler                 0x080002f3   Thumb Code     0  startup_stm32l433xx.o(.text)
    DMA2_Channel3_IRQHandler                 0x080002f3   Thumb Code     0  startup_stm32l433xx.o(.text)
    DMA2_Channel4_IRQHandler                 0x080002f3   Thumb Code     0  startup_stm32l433xx.o(.text)
    DMA2_Channel5_IRQHandler                 0x080002f3   Thumb Code     0  startup_stm32l433xx.o(.text)
    DMA2_Channel6_IRQHandler                 0x080002f3   Thumb Code     0  startup_stm32l433xx.o(.text)
    DMA2_Channel7_IRQHandler                 0x080002f3   Thumb Code     0  startup_stm32l433xx.o(.text)
    EXTI0_IRQHandler                         0x080002f3   Thumb Code     0  startup_stm32l433xx.o(.text)
    EXTI15_10_IRQHandler                     0x080002f3   Thumb Code     0  startup_stm32l433xx.o(.text)
    EXTI1_IRQHandler                         0x080002f3   Thumb Code     0  startup_stm32l433xx.o(.text)
    EXTI2_IRQHandler                         0x080002f3   Thumb Code     0  startup_stm32l433xx.o(.text)
    EXTI3_IRQHandler                         0x080002f3   Thumb Code     0  startup_stm32l433xx.o(.text)
    EXTI4_IRQHandler                         0x080002f3   Thumb Code     0  startup_stm32l433xx.o(.text)
    EXTI9_5_IRQHandler                       0x080002f3   Thumb Code     0  startup_stm32l433xx.o(.text)
    FLASH_IRQHandler                         0x080002f3   Thumb Code     0  startup_stm32l433xx.o(.text)
    FPU_IRQHandler                           0x080002f3   Thumb Code     0  startup_stm32l433xx.o(.text)
    I2C1_ER_IRQHandler                       0x080002f3   Thumb Code     0  startup_stm32l433xx.o(.text)
    I2C1_EV_IRQHandler                       0x080002f3   Thumb Code     0  startup_stm32l433xx.o(.text)
    I2C2_ER_IRQHandler                       0x080002f3   Thumb Code     0  startup_stm32l433xx.o(.text)
    I2C2_EV_IRQHandler                       0x080002f3   Thumb Code     0  startup_stm32l433xx.o(.text)
    I2C3_ER_IRQHandler                       0x080002f3   Thumb Code     0  startup_stm32l433xx.o(.text)
    I2C3_EV_IRQHandler                       0x080002f3   Thumb Code     0  startup_stm32l433xx.o(.text)
    LCD_IRQHandler                           0x080002f3   Thumb Code     0  startup_stm32l433xx.o(.text)
    LPTIM1_IRQHandler                        0x080002f3   Thumb Code     0  startup_stm32l433xx.o(.text)
    LPTIM2_IRQHandler                        0x080002f3   Thumb Code     0  startup_stm32l433xx.o(.text)
    LPUART1_IRQHandler                       0x080002f3   Thumb Code     0  startup_stm32l433xx.o(.text)
    PVD_PVM_IRQHandler                       0x080002f3   Thumb Code     0  startup_stm32l433xx.o(.text)
    QUADSPI_IRQHandler                       0x080002f3   Thumb Code     0  startup_stm32l433xx.o(.text)
    RCC_IRQHandler                           0x080002f3   Thumb Code     0  startup_stm32l433xx.o(.text)
    RNG_IRQHandler                           0x080002f3   Thumb Code     0  startup_stm32l433xx.o(.text)
    RTC_Alarm_IRQHandler                     0x080002f3   Thumb Code     0  startup_stm32l433xx.o(.text)
    RTC_WKUP_IRQHandler                      0x080002f3   Thumb Code     0  startup_stm32l433xx.o(.text)
    SAI1_IRQHandler                          0x080002f3   Thumb Code     0  startup_stm32l433xx.o(.text)
    SDMMC1_IRQHandler                        0x080002f3   Thumb Code     0  startup_stm32l433xx.o(.text)
    SPI1_IRQHandler                          0x080002f3   Thumb Code     0  startup_stm32l433xx.o(.text)
    SPI2_IRQHandler                          0x080002f3   Thumb Code     0  startup_stm32l433xx.o(.text)
    SPI3_IRQHandler                          0x080002f3   Thumb Code     0  startup_stm32l433xx.o(.text)
    SWPMI1_IRQHandler                        0x080002f3   Thumb Code     0  startup_stm32l433xx.o(.text)
    TAMP_STAMP_IRQHandler                    0x080002f3   Thumb Code     0  startup_stm32l433xx.o(.text)
    TIM1_BRK_TIM15_IRQHandler                0x080002f3   Thumb Code     0  startup_stm32l433xx.o(.text)
    TIM1_CC_IRQHandler                       0x080002f3   Thumb Code     0  startup_stm32l433xx.o(.text)
    TIM1_TRG_COM_IRQHandler                  0x080002f3   Thumb Code     0  startup_stm32l433xx.o(.text)
    TIM1_UP_TIM16_IRQHandler                 0x080002f3   Thumb Code     0  startup_stm32l433xx.o(.text)
    TIM2_IRQHandler                          0x080002f3   Thumb Code     0  startup_stm32l433xx.o(.text)
    TIM6_DAC_IRQHandler                      0x080002f3   Thumb Code     0  startup_stm32l433xx.o(.text)
    TIM7_IRQHandler                          0x080002f3   Thumb Code     0  startup_stm32l433xx.o(.text)
    TSC_IRQHandler                           0x080002f3   Thumb Code     0  startup_stm32l433xx.o(.text)
    USART1_IRQHandler                        0x080002f3   Thumb Code     0  startup_stm32l433xx.o(.text)
    USART2_IRQHandler                        0x080002f3   Thumb Code     0  startup_stm32l433xx.o(.text)
    USART3_IRQHandler                        0x080002f3   Thumb Code     0  startup_stm32l433xx.o(.text)
    USB_IRQHandler                           0x080002f3   Thumb Code     0  startup_stm32l433xx.o(.text)
    WWDG_IRQHandler                          0x080002f3   Thumb Code     0  startup_stm32l433xx.o(.text)
    __user_initial_stackheap                 0x080002f5   Thumb Code     0  startup_stm32l433xx.o(.text)
    SVC_Handler                              0x08000319   Thumb Code   154  irq_armv7m.o(.text)
    PendSV_Handler                           0x080003b3   Thumb Code    16  irq_armv7m.o(.text)
    SysTick_Handler                          0x080003c3   Thumb Code    16  irq_armv7m.o(.text)
    __aeabi_uldivmod                         0x080003ed   Thumb Code     0  lludivv7m.o(.text)
    _ll_udiv                                 0x080003ed   Thumb Code   238  lludivv7m.o(.text)
    __aeabi_memcpy                           0x080004db   Thumb Code     0  rt_memcpy_v6.o(.text)
    __rt_memcpy                              0x080004db   Thumb Code   138  rt_memcpy_v6.o(.text)
    _memcpy_lastbytes                        0x08000541   Thumb Code     0  rt_memcpy_v6.o(.text)
    __aeabi_memcpy4                          0x08000565   Thumb Code     0  rt_memcpy_w.o(.text)
    __aeabi_memcpy8                          0x08000565   Thumb Code     0  rt_memcpy_w.o(.text)
    __rt_memcpy_w                            0x08000565   Thumb Code   100  rt_memcpy_w.o(.text)
    _memcpy_lastbytes_aligned                0x080005ad   Thumb Code     0  rt_memcpy_w.o(.text)
    __aeabi_memclr                           0x080005c9   Thumb Code     0  rt_memclr.o(.text)
    __rt_memclr                              0x080005c9   Thumb Code    68  rt_memclr.o(.text)
    _memset                                  0x080005cd   Thumb Code     0  rt_memclr.o(.text)
    __aeabi_memclr4                          0x0800060d   Thumb Code     0  rt_memclr_w.o(.text)
    __aeabi_memclr8                          0x0800060d   Thumb Code     0  rt_memclr_w.o(.text)
    __rt_memclr_w                            0x0800060d   Thumb Code    78  rt_memclr_w.o(.text)
    _memset_w                                0x08000611   Thumb Code     0  rt_memclr_w.o(.text)
    __use_two_region_memory                  0x0800065b   Thumb Code     2  heapauxi.o(.text)
    __rt_heap_escrow                         0x0800065d   Thumb Code     2  heapauxi.o(.text)
    __rt_heap_expand                         0x0800065f   Thumb Code     2  heapauxi.o(.text)
    __user_libspace                          0x08000661   Thumb Code     8  libspace.o(.text)
    __user_perproc_libspace                  0x08000661   Thumb Code     0  libspace.o(.text)
    __user_setup_stackheap                   0x08000669   Thumb Code    74  sys_stackheap_outer.o(.text)
    exit                                     0x080006b3   Thumb Code    18  exit.o(.text)
    _sys_exit                                0x080006c5   Thumb Code     8  sys_exit.o(.text)
    __I$use$semihosting                      0x080006d1   Thumb Code     0  use_no_semi.o(.text)
    __use_no_semihosting_swi                 0x080006d1   Thumb Code     2  use_no_semi.o(.text)
    __semihosting_library_function           0x080006d3   Thumb Code     0  indicate_semi.o(.text)
    OS_Tick_AcknowledgeIRQ                   0x08000789   Thumb Code     8  os_systick.o(.text.OS_Tick_AcknowledgeIRQ)
    OS_Tick_Enable                           0x08000795   Thumb Code    32  os_systick.o(.text.OS_Tick_Enable)
    OS_Tick_GetClock                         0x080007c1   Thumb Code     8  os_systick.o(.text.OS_Tick_GetClock)
    OS_Tick_GetCount                         0x080007cd   Thumb Code    12  os_systick.o(.text.OS_Tick_GetCount)
    OS_Tick_GetIRQn                          0x080007dd   Thumb Code     6  os_systick.o(.text.OS_Tick_GetIRQn)
    OS_Tick_GetInterval                      0x080007e5   Thumb Code     8  os_systick.o(.text.OS_Tick_GetInterval)
    OS_Tick_GetOverflow                      0x080007f1   Thumb Code    12  os_systick.o(.text.OS_Tick_GetOverflow)
    OS_Tick_Setup                            0x08000801   Thumb Code    48  os_systick.o(.text.OS_Tick_Setup)
    osDelay                                  0x0800090d   Thumb Code    32  rtx_delay.o(.text.osDelay)
    osKernelGetState                         0x08000931   Thumb Code    40  rtx_kernel.o(.text.osKernelGetState)
    osKernelGetSysTimerCount                 0x08000961   Thumb Code    32  rtx_kernel.o(.text.osKernelGetSysTimerCount)
    osKernelGetSysTimerFreq                  0x08000985   Thumb Code    32  rtx_kernel.o(.text.osKernelGetSysTimerFreq)
    osKernelInitialize                       0x080009a9   Thumb Code    40  rtx_kernel.o(.text.osKernelInitialize)
    osKernelStart                            0x080009d5   Thumb Code    32  rtx_kernel.o(.text.osKernelStart)
    osMessageQueueGet                        0x080009f9   Thumb Code   108  rtx_msgqueue.o(.text.osMessageQueueGet)
    osMessageQueuePut                        0x08000a69   Thumb Code   124  rtx_msgqueue.o(.text.osMessageQueuePut)
    osMutexAcquire                           0x08000ae9   Thumb Code    32  rtx_mutex.o(.text.osMutexAcquire)
    osMutexDelete                            0x08000b0d   Thumb Code    32  rtx_mutex.o(.text.osMutexDelete)
    osMutexNew                               0x08000b31   Thumb Code    32  rtx_mutex.o(.text.osMutexNew)
    osMutexRelease                           0x08000b55   Thumb Code    32  rtx_mutex.o(.text.osMutexRelease)
    osRtxKernelErrorNotify                   0x08000b79   Thumb Code     4  rtx_kernel.o(.text.osRtxKernelErrorNotify)
    osRtxKernelPreInit                       0x08000b7d   Thumb Code     2  rtx_kernel.o(.text.osRtxKernelPreInit)
    osRtxMemoryAlloc                         0x08000b7f   Thumb Code   108  rtx_memory.o(.text.osRtxMemoryAlloc)
    osRtxMemoryFree                          0x08000beb   Thumb Code    66  rtx_memory.o(.text.osRtxMemoryFree)
    osRtxMemoryInit                          0x08000c2d   Thumb Code    54  rtx_memory.o(.text.osRtxMemoryInit)
    osRtxMemoryPoolAlloc                     0x08000c63   Thumb Code    58  rtx_mempool.o(.text.osRtxMemoryPoolAlloc)
    osRtxMemoryPoolFree                      0x08000c9d   Thumb Code    74  rtx_mempool.o(.text.osRtxMemoryPoolFree)
    osRtxMemoryPoolInit                      0x08000ce7   Thumb Code    56  rtx_mempool.o(.text.osRtxMemoryPoolInit)
    osRtxMessageQueueTimerSetup              0x08000dc9   Thumb Code    32  rtx_msgqueue.o(.text.osRtxMessageQueueTimerSetup)
    osRtxMutexOwnerRelease                   0x08000df1   Thumb Code    72  rtx_mutex.o(.text.osRtxMutexOwnerRelease)
    osRtxMutexOwnerRestore                   0x08000e39   Thumb Code    66  rtx_mutex.o(.text.osRtxMutexOwnerRestore)
    osRtxPendSV_Handler                      0x08000e7d   Thumb Code   136  rtx_system.o(.text.osRtxPendSV_Handler)
    osRtxPostProcess                         0x08000f09   Thumb Code   108  rtx_system.o(.text.osRtxPostProcess)
    osRtxThreadDelayTick                     0x08001075   Thumb Code    72  rtx_thread.o(.text.osRtxThreadDelayTick)
    osRtxThreadDispatch                      0x080010e5   Thumb Code    80  rtx_thread.o(.text.osRtxThreadDispatch)
    osRtxThreadListGet                       0x080011af   Thumb Code    18  rtx_thread.o(.text.osRtxThreadListGet)
    osRtxThreadListPut                       0x080011c1   Thumb Code    44  rtx_thread.o(.text.osRtxThreadListPut)
    osRtxThreadListRemove                    0x080011ed   Thumb Code    20  rtx_thread.o(.text.osRtxThreadListRemove)
    osRtxThreadListSort                      0x0800120d   Thumb Code    38  rtx_thread.o(.text.osRtxThreadListSort)
    osRtxThreadReadyPut                      0x0800125d   Thumb Code    16  rtx_thread.o(.text.osRtxThreadReadyPut)
    osRtxThreadRegPtr                        0x08001271   Thumb Code    20  rtx_thread.o(.text.osRtxThreadRegPtr)
    osRtxThreadStartup                       0x08001285   Thumb Code    48  rtx_thread.o(.text.osRtxThreadStartup)
    osRtxThreadSwitch                        0x080012c1   Thumb Code    12  rtx_thread.o(.text.osRtxThreadSwitch)
    osRtxThreadWaitEnter                     0x080012d1   Thumb Code    56  rtx_thread.o(.text.osRtxThreadWaitEnter)
    osRtxThreadWaitExit                      0x0800130d   Thumb Code    48  rtx_thread.o(.text.osRtxThreadWaitExit)
    osRtxTick_Handler                        0x0800133d   Thumb Code   116  rtx_system.o(.text.osRtxTick_Handler)
    osRtxTimerSetup                          0x080013b5   Thumb Code    24  rtx_timer.o(.text.osRtxTimerSetup)
    osRtxTimerThread                         0x080013d5   Thumb Code    32  rtx_timer.o(.text.osRtxTimerThread)
    osThreadExit                             0x08001465   Thumb Code     8  rtx_thread.o(.text.osThreadExit)
    osThreadNew                              0x08001471   Thumb Code    32  rtx_thread.o(.text.osThreadNew)
    BusFault_Handler                         0x08001db3   Thumb Code     4  stm32l4xx_it.o(i.BusFault_Handler)
    DMA1_Channel2_IRQHandler                 0x08001ee9   Thumb Code    10  stm32l4xx_it.o(i.DMA1_Channel2_IRQHandler)
    DMA1_Channel3_IRQHandler                 0x08001ef9   Thumb Code    10  stm32l4xx_it.o(i.DMA1_Channel3_IRQHandler)
    DebugMon_Handler                         0x08001f4d   Thumb Code     2  stm32l4xx_it.o(i.DebugMon_Handler)
    Error_Handler                            0x08001f4f   Thumb Code     6  main.o(i.Error_Handler)
    EventRecord2                             0x08001fd5   Thumb Code    70  eventrecorder.o(i.EventRecord2)
    EventRecord4                             0x0800201b   Thumb Code   118  eventrecorder.o(i.EventRecord4)
    EventRecorderDisable                     0x08002179   Thumb Code    88  eventrecorder.o(i.EventRecorderDisable)
    EventRecorderTimerGetCount               0x080021d5   Thumb Code     6  eventrecorder.o(i.EventRecorderTimerGetCount)
    HAL_DMA_Abort                            0x08002229   Thumb Code    90  stm32l4xx_hal_dma.o(i.HAL_DMA_Abort)
    HAL_DMA_IRQHandler                       0x08002283   Thumb Code   254  stm32l4xx_hal_dma.o(i.HAL_DMA_IRQHandler)
    HAL_DMA_Init                             0x08002381   Thumb Code   258  stm32l4xx_hal_dma.o(i.HAL_DMA_Init)
    HAL_GPIO_DeInit                          0x0800248d   Thumb Code   256  stm32l4xx_hal_gpio.o(i.HAL_GPIO_DeInit)
    HAL_GPIO_Init                            0x080025a5   Thumb Code   428  stm32l4xx_hal_gpio.o(i.HAL_GPIO_Init)
    HAL_GPIO_ReadPin                         0x0800276d   Thumb Code    16  stm32l4xx_hal_gpio.o(i.HAL_GPIO_ReadPin)
    HAL_GPIO_WritePin                        0x0800277d   Thumb Code    10  stm32l4xx_hal_gpio.o(i.HAL_GPIO_WritePin)
    HAL_GetTick                              0x08002789   Thumb Code     6  stm32l4xx_hal.o(i.HAL_GetTick)
    HAL_Init                                 0x08002795   Thumb Code    30  stm32l4xx_hal.o(i.HAL_Init)
    HAL_InitTick                             0x080027b5   Thumb Code    74  stm32l4xx_hal.o(i.HAL_InitTick)
    HAL_MspInit                              0x0800280d   Thumb Code    58  stm32l4xx_hal_msp.o(i.HAL_MspInit)
    HAL_NVIC_EnableIRQ                       0x0800284d   Thumb Code    40  stm32l4xx_hal_cortex.o(i.HAL_NVIC_EnableIRQ)
    HAL_NVIC_SetPriority                     0x08002875   Thumb Code   124  stm32l4xx_hal_cortex.o(i.HAL_NVIC_SetPriority)
    HAL_NVIC_SetPriorityGrouping             0x080028f9   Thumb Code    32  stm32l4xx_hal_cortex.o(i.HAL_NVIC_SetPriorityGrouping)
    HAL_PWREx_ControlVoltageScaling          0x08002921   Thumb Code   128  stm32l4xx_hal_pwr_ex.o(i.HAL_PWREx_ControlVoltageScaling)
    HAL_PWREx_GetVoltageRange                0x080029ad   Thumb Code    10  stm32l4xx_hal_pwr_ex.o(i.HAL_PWREx_GetVoltageRange)
    HAL_RCC_ClockConfig                      0x080029bd   Thumb Code   360  stm32l4xx_hal_rcc.o(i.HAL_RCC_ClockConfig)
    HAL_RCC_GetHCLKFreq                      0x08002b39   Thumb Code     6  stm32l4xx_hal_rcc.o(i.HAL_RCC_GetHCLKFreq)
    HAL_RCC_GetPCLK2Freq                     0x08002b45   Thumb Code    26  stm32l4xx_hal_rcc.o(i.HAL_RCC_GetPCLK2Freq)
    HAL_RCC_GetSysClockFreq                  0x08002b69   Thumb Code   220  stm32l4xx_hal_rcc.o(i.HAL_RCC_GetSysClockFreq)
    HAL_RCC_OscConfig                        0x08002c55   Thumb Code  1878  stm32l4xx_hal_rcc.o(i.HAL_RCC_OscConfig)
    HAL_SPIEx_FlushRxFifo                    0x080033bd   Thumb Code    44  stm32l4xx_hal_spi_ex.o(i.HAL_SPIEx_FlushRxFifo)
    HAL_SPI_Abort                            0x080033e9   Thumb Code   438  stm32l4xx_hal_spi.o(i.HAL_SPI_Abort)
    HAL_SPI_DeInit                           0x080035ad   Thumb Code    54  stm32l4xx_hal_spi.o(i.HAL_SPI_DeInit)
    HAL_SPI_ErrorCallback                    0x080035e3   Thumb Code    64  spi_stm32l4xx.o(i.HAL_SPI_ErrorCallback)
    HAL_SPI_GetError                         0x08003623   Thumb Code     6  stm32l4xx_hal_spi.o(i.HAL_SPI_GetError)
    HAL_SPI_GetState                         0x08003629   Thumb Code     8  stm32l4xx_hal_spi.o(i.HAL_SPI_GetState)
    HAL_SPI_Init                             0x08003631   Thumb Code   240  stm32l4xx_hal_spi.o(i.HAL_SPI_Init)
    HAL_SPI_MspDeInit                        0x08003721   Thumb Code     2  stm32l4xx_hal_spi.o(i.HAL_SPI_MspDeInit)
    HAL_SPI_MspInit                          0x08003723   Thumb Code     2  stm32l4xx_hal_spi.o(i.HAL_SPI_MspInit)
    HAL_SPI_Receive_IT                       0x08003725   Thumb Code   238  stm32l4xx_hal_spi.o(i.HAL_SPI_Receive_IT)
    HAL_SPI_RxCpltCallback                   0x0800381d   Thumb Code    12  spi_stm32l4xx.o(i.HAL_SPI_RxCpltCallback)
    HAL_SPI_TransmitReceive_IT               0x08003829   Thumb Code   232  stm32l4xx_hal_spi.o(i.HAL_SPI_TransmitReceive_IT)
    HAL_SPI_Transmit_IT                      0x08003921   Thumb Code   178  stm32l4xx_hal_spi.o(i.HAL_SPI_Transmit_IT)
    HAL_SPI_TxCpltCallback                   0x080039dd   Thumb Code    26  spi_stm32l4xx.o(i.HAL_SPI_TxCpltCallback)
    HAL_SPI_TxRxCpltCallback                 0x080039f7   Thumb Code    12  spi_stm32l4xx.o(i.HAL_SPI_TxRxCpltCallback)
    HAL_SYSTICK_CLKSourceConfig              0x08003a03   Thumb Code    40  stm32l4xx_hal_cortex.o(i.HAL_SYSTICK_CLKSourceConfig)
    HAL_SYSTICK_Config                       0x08003a2b   Thumb Code    52  stm32l4xx_hal_cortex.o(i.HAL_SYSTICK_Config)
    HardFault_Handler                        0x08003a5f   Thumb Code     4  stm32l4xx_it.o(i.HardFault_Handler)
    Main_Thread                              0x08003b45   Thumb Code    30  main.o(i.Main_Thread)
    MemManage_Handler                        0x08003b69   Thumb Code     4  stm32l4xx_it.o(i.MemManage_Handler)
    NMI_Handler                              0x08003b6d   Thumb Code     4  stm32l4xx_it.o(i.NMI_Handler)
    SystemClock_Config                       0x08004eed   Thumb Code   152  main.o(i.SystemClock_Config)
    SystemInit                               0x08004f85   Thumb Code    60  system_stm32l4xx.o(i.SystemInit)
    UsageFault_Handler                       0x08004fcd   Thumb Code     4  stm32l4xx_it.o(i.UsageFault_Handler)
    _mutex_acquire                           0x08005009   Thumb Code    22  rtx_lib.o(i._mutex_acquire)
    _mutex_free                              0x0800501f   Thumb Code    12  rtx_lib.o(i._mutex_free)
    _mutex_initialize                        0x0800502b   Thumb Code    34  rtx_lib.o(i._mutex_initialize)
    _mutex_release                           0x0800504d   Thumb Code    18  rtx_lib.o(i._mutex_release)
    _platform_post_stackheap_init            0x0800505f   Thumb Code     8  rtx_lib.o(i._platform_post_stackheap_init)
    efs_init                                 0x08005389   Thumb Code     4  fs_config.o(i.efs_init)
    efs_mount                                0x0800538d   Thumb Code     4  fs_config.o(i.efs_mount)
    elink_init                               0x08005391   Thumb Code     4  fs_config.o(i.elink_init)
    fat_init                                 0x08005395   Thumb Code   130  fs_fat.o(i.fat_init)
    fat_jour_init                            0x0800541d   Thumb Code   122  fs_fat.o(i.fat_jour_init)
    fat_jour_prep                            0x0800549d   Thumb Code   146  fs_fat.o(i.fat_jour_prep)
    fat_mount                                0x08005535   Thumb Code   478  fs_fat.o(i.fat_mount)
    fat_vol_chk                              0x08005719   Thumb Code   212  fs_fat.o(i.fat_vol_chk)
    finit                                    0x080057ed   Thumb Code    78  fs_mapi.o(i.finit)
    fmount                                   0x08005845   Thumb Code    92  fs_mapi.o(i.fmount)
    fs_config                                0x08005951   Thumb Code    14  fs_config.o(i.fs_config)
    fs_config_evr                            0x0800595f   Thumb Code    14  fs_debug.o(i.fs_config_evr)
    fs_drive_id                              0x080059c5   Thumb Code   188  fs_common.o(i.fs_drive_id)
    fs_get_rtos_tick_freq                    0x08005a91   Thumb Code     6  fs_config.o(i.fs_get_rtos_tick_freq)
    fs_get_sys_tick                          0x08005a97   Thumb Code     4  fs_config.o(i.fs_get_sys_tick)
    fs_get_sys_tick_us                       0x08005a9d   Thumb Code    22  fs_config.o(i.fs_get_sys_tick_us)
    fs_mc_lock_unlock                        0x08005ab9   Thumb Code     4  fs_mc_mci.o(i.fs_mc_lock_unlock)
    fs_mc_read_cd                            0x08005abd   Thumb Code    24  main.o(i.fs_mc_read_cd)
    fs_mc_read_wp                            0x08005ad9   Thumb Code     6  main.o(i.fs_mc_read_wp)
    fs_mc_spi_control_ss                     0x08005ae1   Thumb Code    36  main.o(i.fs_mc_spi_control_ss)
    fs_mutex_acquire                         0x08005b09   Thumb Code    18  fs_config.o(i.fs_mutex_acquire)
    fs_mutex_new                             0x08005b1b   Thumb Code     4  fs_config.o(i.fs_mutex_new)
    fs_mutex_release                         0x08005b1f   Thumb Code    16  fs_config.o(i.fs_mutex_release)
    fs_set_cdrive                            0x08005b31   Thumb Code    24  fs_common.o(i.fs_set_cdrive)
    fs_set_rtos_delay                        0x08005b51   Thumb Code    10  fs_config.o(i.fs_set_rtos_delay)
    fsj_init                                 0x08005c7d   Thumb Code    42  fs_journal.o(i.fsj_init)
    fsj_set_space                            0x08005ca7   Thumb Code    24  fs_journal.o(i.fsj_set_space)
    fsj_write                                0x08005cbf   Thumb Code   184  fs_journal.o(i.fsj_write)
    get_u16                                  0x08005de3   Thumb Code    16  fs_common.o(i.get_u16)
    get_u32                                  0x08005df3   Thumb Code    22  fs_common.o(i.get_u32)
    main                                     0x0800608d   Thumb Code    42  main.o(i.main)
    mc_spi_DevCtrl                           0x08006869   Thumb Code   266  fs_mc_spi.o(i.mc_spi_DevCtrl)
    mc_spi_DrvEvent                          0x08006979   Thumb Code     8  fs_mc_spi.o(i.mc_spi_DrvEvent)
    mc_spi_Init                              0x08006981   Thumb Code  1194  fs_mc_spi.o(i.mc_spi_Init)
    mc_spi_ReadInfo                          0x08006e31   Thumb Code    64  fs_mc_spi.o(i.mc_spi_ReadInfo)
    mc_spi_ReadSector                        0x08006e75   Thumb Code   122  fs_mc_spi.o(i.mc_spi_ReadSector)
    mc_spi_UnInit                            0x08006ef5   Thumb Code    78  fs_mc_spi.o(i.mc_spi_UnInit)
    mc_spi_WriteSector                       0x08006f49   Thumb Code   122  fs_mc_spi.o(i.mc_spi_WriteSector)
    osMutexCreate                            0x0800722b   Thumb Code    18  cmsis_os1.o(i.osMutexCreate)
    osRtxErrorNotify                         0x0800723d   Thumb Code    32  rtx_config.o(i.osRtxErrorNotify)
    osRtxIdleThread                          0x0800725d   Thumb Code     4  rtx_config.o(i.osRtxIdleThread)
    set_u16                                  0x08007363   Thumb Code     8  fs_common.o(i.set_u16)
    set_u32                                  0x0800736b   Thumb Code    16  fs_common.o(i.set_u32)
    _fp_init                                 0x080074ad   Thumb Code    10  fpinit.o(x$fpl$fpinit)
    __fplib_config_fpu_vfp                   0x080074b5   Thumb Code     0  fpinit.o(x$fpl$fpinit)
    __fplib_config_pureend_doubles           0x080074b5   Thumb Code     0  fpinit.o(x$fpl$fpinit)
    main_thread_attributes                   0x080074b8   Data          36  main.o(.constdata)
    irqRtxLibRef                             0x0800753c   Data           4  rtx_lib.o(.constdata)
    osRtxUserSVC                             0x08007540   Data           4  rtx_lib.o(.constdata)
    Driver_SPI1                              0x08007568   Data          44  spi_stm32l4xx.o(.constdata)
    EventRecorderInfo                        0x08007594   Data          24  eventrecorder.o(.constdata)
    AHBPrescTable                            0x080075ac   Data          16  system_stm32l4xx.o(.constdata)
    APBPrescTable                            0x080075bc   Data           8  system_stm32l4xx.o(.constdata)
    MSIRangeTable                            0x080075c4   Data          48  system_stm32l4xx.o(.constdata)
    fs_fat_fh_cnt                            0x080075f4   Data           1  fs_config.o(.constdata)
    fs_efs_fh_cnt                            0x080075f5   Data           1  fs_config.o(.constdata)
    fs_ndrv                                  0x080075f6   Data           1  fs_config.o(.constdata)
    os_mutex_def_fs_mc0_mtx_def              0x080075f8   Data          16  fs_config.o(.constdata)
    fs_DevPool                               0x08007620   Data           8  fs_config.o(.constdata)
    osRtxConfig                              0x08007638   Data         112  rtx_lib.o(.rodata)
    os_cb_sections                           0x080076a8   Data          56  rtx_lib.o(.rodata)
    irqRtxLib                                0x080076e0   Number         0  irq_armv7m.o(.rodata)
    Region$$Table$$Base                      0x080076f0   Number         0  anon$$obj.o(Region$$Table)
    Region$$Table$$Limit                     0x08007710   Number         0  anon$$obj.o(Region$$Table)
    .bss.os.msgqueue.cb$$Base                0x20008040   Number         0  rtx_lib.o(.bss.os.msgqueue.cb)
    .bss.os.msgqueue.cb$$Limit               0x20008074   Number         0  rtx_lib.o(.bss.os.msgqueue.cb)
    .bss.os.mutex.cb$$Base                   0x200080c4   Number         0  fs_config.o(.bss.os.mutex.cb)
    .bss.os.mutex.cb$$Limit                  0x200080e0   Number         0  fs_config.o(.bss.os.mutex.cb)
    .bss.os.thread.cb$$Base                  0x200080e0   Number         0  rtx_lib.o(.bss.os.thread.cb)
    .bss.os.thread.cb$$Limit                 0x20008168   Number         0  rtx_lib.o(.bss.os.thread.cb)
    uwTick                                   0x20008570   Data           4  stm32l4xx_hal.o(.data)
    uwTickPrio                               0x20008574   Data           4  stm32l4xx_hal.o(.data)
    uwTickFreq                               0x20008578   Data           1  stm32l4xx_hal.o(.data)
    SystemCoreClock                          0x2000857c   Data           4  system_stm32l4xx.o(.data)
    fs_ms_rtos_tick                          0x20008580   Data           4  fs_config.o(.data)
    osRtxInfo                                0x20008588   Data         164  rtx_kernel.o(.data.os)
    hspi1                                    0x20008630   Data         100  main.o(.bss)
    hdma_spi1_rx                             0x20008694   Data          72  main.o(.bss)
    hdma_spi1_tx                             0x200086dc   Data          72  main.o(.bss)
    main_thread_stack                        0x20008728   Data        4096  main.o(.bss)
    fs_fat_fh                                0x20009740   Data         144  fs_config.o(.bss)
    fs_efs_fh                                0x200097d0   Data          28  fs_config.o(.bss)
    fs_mc0_spi                               0x2000988c   Data          32  fs_config.o(.bss)
    __libspace_start                         0x2000aec0   Data          96  libspace.o(.bss)
    __temporary_stack_top$libspace           0x2000af20   Data           0  libspace.o(.bss)



==============================================================================

Memory Map of the image

  Image Entry point : 0x0800018d

  Load Region LR_IROM1 (Base: 0x08000000, Size: 0x0000fd3c, Max: 0x00040000, ABSOLUTE, COMPRESSED[0x00007830])

    Execution Region ER_IROM1 (Exec base: 0x08000000, Load base: 0x08000000, Size: 0x00007710, Max: 0x00040000, ABSOLUTE)

    Exec Addr    Load Addr    Size         Type   Attr      Idx    E Section Name        Object

    0x08000000   0x08000000   0x0000018c   Data   RO         2545    RESET               startup_stm32l433xx.o
    0x0800018c   0x0800018c   0x00000008   Code   RO         4064  * !!!main             c_w.l(__main.o)
    0x08000194   0x08000194   0x00000034   Code   RO         4383    !!!scatter          c_w.l(__scatter.o)
    0x080001c8   0x080001c8   0x0000003a   Code   RO         4381    !!dczerorl          c_w.l(__dczerorl.o)
    0x08000202   0x08000202   0x00000002   PAD
    0x08000204   0x08000204   0x0000001c   Code   RO         4385    !!handler_zi        c_w.l(__scatter_zi.o)
    0x08000220   0x08000220   0x00000002   Code   RO         4203    .ARM.Collect$$libinit$$00000000  c_w.l(libinit.o)
    0x08000222   0x08000222   0x00000004   Code   RO         4204    .ARM.Collect$$libinit$$00000001  c_w.l(libinit2.o)
    0x08000226   0x08000226   0x00000000   Code   RO         4207    .ARM.Collect$$libinit$$00000004  c_w.l(libinit2.o)
    0x08000226   0x08000226   0x00000000   Code   RO         4210    .ARM.Collect$$libinit$$0000000A  c_w.l(libinit2.o)
    0x08000226   0x08000226   0x00000000   Code   RO         4212    .ARM.Collect$$libinit$$0000000C  c_w.l(libinit2.o)
    0x08000226   0x08000226   0x00000000   Code   RO         4214    .ARM.Collect$$libinit$$0000000E  c_w.l(libinit2.o)
    0x08000226   0x08000226   0x00000000   Code   RO         4217    .ARM.Collect$$libinit$$00000011  c_w.l(libinit2.o)
    0x08000226   0x08000226   0x00000000   Code   RO         4219    .ARM.Collect$$libinit$$00000013  c_w.l(libinit2.o)
    0x08000226   0x08000226   0x00000000   Code   RO         4221    .ARM.Collect$$libinit$$00000015  c_w.l(libinit2.o)
    0x08000226   0x08000226   0x00000000   Code   RO         4223    .ARM.Collect$$libinit$$00000017  c_w.l(libinit2.o)
    0x08000226   0x08000226   0x00000000   Code   RO         4225    .ARM.Collect$$libinit$$00000019  c_w.l(libinit2.o)
    0x08000226   0x08000226   0x00000000   Code   RO         4227    .ARM.Collect$$libinit$$0000001B  c_w.l(libinit2.o)
    0x08000226   0x08000226   0x00000000   Code   RO         4229    .ARM.Collect$$libinit$$0000001D  c_w.l(libinit2.o)
    0x08000226   0x08000226   0x00000000   Code   RO         4231    .ARM.Collect$$libinit$$0000001F  c_w.l(libinit2.o)
    0x08000226   0x08000226   0x00000000   Code   RO         4233    .ARM.Collect$$libinit$$00000021  c_w.l(libinit2.o)
    0x08000226   0x08000226   0x00000000   Code   RO         4235    .ARM.Collect$$libinit$$00000023  c_w.l(libinit2.o)
    0x08000226   0x08000226   0x00000000   Code   RO         4237    .ARM.Collect$$libinit$$00000025  c_w.l(libinit2.o)
    0x08000226   0x08000226   0x00000000   Code   RO         4241    .ARM.Collect$$libinit$$0000002C  c_w.l(libinit2.o)
    0x08000226   0x08000226   0x00000000   Code   RO         4243    .ARM.Collect$$libinit$$0000002E  c_w.l(libinit2.o)
    0x08000226   0x08000226   0x00000000   Code   RO         4245    .ARM.Collect$$libinit$$00000030  c_w.l(libinit2.o)
    0x08000226   0x08000226   0x00000000   Code   RO         4247    .ARM.Collect$$libinit$$00000032  c_w.l(libinit2.o)
    0x08000226   0x08000226   0x00000002   Code   RO         4248    .ARM.Collect$$libinit$$00000033  c_w.l(libinit2.o)
    0x08000228   0x08000228   0x00000002   Code   RO         4363    .ARM.Collect$$libshutdown$$00000000  c_w.l(libshutdown.o)
    0x0800022a   0x0800022a   0x00000000   Code   RO         4250    .ARM.Collect$$libshutdown$$00000002  c_w.l(libshutdown2.o)
    0x0800022a   0x0800022a   0x00000000   Code   RO         4252    .ARM.Collect$$libshutdown$$00000004  c_w.l(libshutdown2.o)
    0x0800022a   0x0800022a   0x00000000   Code   RO         4254    .ARM.Collect$$libshutdown$$00000006  c_w.l(libshutdown2.o)
    0x0800022a   0x0800022a   0x00000000   Code   RO         4257    .ARM.Collect$$libshutdown$$00000009  c_w.l(libshutdown2.o)
    0x0800022a   0x0800022a   0x00000000   Code   RO         4260    .ARM.Collect$$libshutdown$$0000000C  c_w.l(libshutdown2.o)
    0x0800022a   0x0800022a   0x00000000   Code   RO         4262    .ARM.Collect$$libshutdown$$0000000E  c_w.l(libshutdown2.o)
    0x0800022a   0x0800022a   0x00000000   Code   RO         4265    .ARM.Collect$$libshutdown$$00000011  c_w.l(libshutdown2.o)
    0x0800022a   0x0800022a   0x00000002   Code   RO         4266    .ARM.Collect$$libshutdown$$00000012  c_w.l(libshutdown2.o)
    0x0800022c   0x0800022c   0x00000000   Code   RO         4069    .ARM.Collect$$rtentry$$00000000  c_w.l(__rtentry.o)
    0x0800022c   0x0800022c   0x00000000   Code   RO         4088    .ARM.Collect$$rtentry$$00000002  c_w.l(__rtentry2.o)
    0x0800022c   0x0800022c   0x00000006   Code   RO         4100    .ARM.Collect$$rtentry$$00000004  c_w.l(__rtentry4.o)
    0x08000232   0x08000232   0x00000008   Code   RO         4089    .ARM.Collect$$rtentry$$00000008  c_w.l(__rtentry2.o)
    0x0800023a   0x0800023a   0x00000004   Code   RO         4091    .ARM.Collect$$rtentry$$0000000A  c_w.l(__rtentry2.o)
    0x0800023e   0x0800023e   0x00000000   Code   RO         4093    .ARM.Collect$$rtentry$$0000000C  c_w.l(__rtentry2.o)
    0x0800023e   0x0800023e   0x00000008   Code   RO         4094    .ARM.Collect$$rtentry$$0000000D  c_w.l(__rtentry2.o)
    0x08000246   0x08000246   0x00000002   Code   RO         4267    .ARM.Collect$$rtexit$$00000000  c_w.l(rtexit.o)
    0x08000248   0x08000248   0x00000000   Code   RO         4313    .ARM.Collect$$rtexit$$00000002  c_w.l(rtexit2.o)
    0x08000248   0x08000248   0x00000004   Code   RO         4314    .ARM.Collect$$rtexit$$00000003  c_w.l(rtexit2.o)
    0x0800024c   0x0800024c   0x00000006   Code   RO         4315    .ARM.Collect$$rtexit$$00000004  c_w.l(rtexit2.o)
    0x08000252   0x08000252   0x00000002   PAD
    0x08000254   0x08000254   0x00000084   Code   RO          753    .emb_text           eventrecorder.o
    0x080002d8   0x080002d8   0x00000040   Code   RO         2546    .text               startup_stm32l433xx.o
    0x08000318   0x08000318   0x000000d4   Code   RO         3394    .text               RTX_CM4F.lib(irq_armv7m.o)
    0x080003ec   0x080003ec   0x000000ee   Code   RO         4040    .text               c_w.l(lludivv7m.o)
    0x080004da   0x080004da   0x0000008a   Code   RO         4050    .text               c_w.l(rt_memcpy_v6.o)
    0x08000564   0x08000564   0x00000064   Code   RO         4052    .text               c_w.l(rt_memcpy_w.o)
    0x080005c8   0x080005c8   0x00000044   Code   RO         4056    .text               c_w.l(rt_memclr.o)
    0x0800060c   0x0800060c   0x0000004e   Code   RO         4058    .text               c_w.l(rt_memclr_w.o)
    0x0800065a   0x0800065a   0x00000006   Code   RO         4062    .text               c_w.l(heapauxi.o)
    0x08000660   0x08000660   0x00000008   Code   RO         4066    .text               c_w.l(libspace.o)
    0x08000668   0x08000668   0x0000004a   Code   RO         4112    .text               c_w.l(sys_stackheap_outer.o)
    0x080006b2   0x080006b2   0x00000012   Code   RO         4190    .text               c_w.l(exit.o)
    0x080006c4   0x080006c4   0x0000000c   Code   RO         4310    .text               c_w.l(sys_exit.o)
    0x080006d0   0x080006d0   0x00000002   Code   RO         4350    .text               c_w.l(use_no_semi.o)
    0x080006d2   0x080006d2   0x00000000   Code   RO         4352    .text               c_w.l(indicate_semi.o)
    0x080006d2   0x080006d2   0x00000040   Code   RO         3377    .text.MessageQueueGet  RTX_CM4F.lib(rtx_msgqueue.o)
    0x08000712   0x08000712   0x00000058   Code   RO         3371    .text.MessageQueuePut  RTX_CM4F.lib(rtx_msgqueue.o)
    0x0800076a   0x0800076a   0x0000001c   Code   RO         3369    .text.MessageQueueRemove  RTX_CM4F.lib(rtx_msgqueue.o)
    0x08000786   0x08000786   0x00000002   PAD
    0x08000788   0x08000788   0x0000000c   Code   RO         3611    .text.OS_Tick_AcknowledgeIRQ  RTX_CM4F.lib(os_systick.o)
    0x08000794   0x08000794   0x0000002c   Code   RO         3607    .text.OS_Tick_Enable  RTX_CM4F.lib(os_systick.o)
    0x080007c0   0x080007c0   0x0000000c   Code   RO         3615    .text.OS_Tick_GetClock  RTX_CM4F.lib(os_systick.o)
    0x080007cc   0x080007cc   0x00000010   Code   RO         3619    .text.OS_Tick_GetCount  RTX_CM4F.lib(os_systick.o)
    0x080007dc   0x080007dc   0x00000006   Code   RO         3613    .text.OS_Tick_GetIRQn  RTX_CM4F.lib(os_systick.o)
    0x080007e2   0x080007e2   0x00000002   PAD
    0x080007e4   0x080007e4   0x0000000c   Code   RO         3617    .text.OS_Tick_GetInterval  RTX_CM4F.lib(os_systick.o)
    0x080007f0   0x080007f0   0x00000010   Code   RO         3621    .text.OS_Tick_GetOverflow  RTX_CM4F.lib(os_systick.o)
    0x08000800   0x08000800   0x00000040   Code   RO         3605    .text.OS_Tick_Setup  RTX_CM4F.lib(os_systick.o)
    0x08000840   0x08000840   0x0000000c   Code   RO         2993    .text.OUTLINED_FUNCTION_0  RTX_CM4F.lib(rtx_kernel.o)
    0x0800084c   0x0800084c   0x0000000c   Code   RO         3385    .text.OUTLINED_FUNCTION_0  RTX_CM4F.lib(rtx_msgqueue.o)
    0x08000858   0x08000858   0x00000006   Code   RO         2995    .text.OUTLINED_FUNCTION_1  RTX_CM4F.lib(rtx_kernel.o)
    0x0800085e   0x0800085e   0x00000064   Code   RO         3087    .text.ThreadFlagsCheck  RTX_CM4F.lib(rtx_thread.o)
    0x080008c2   0x080008c2   0x00000002   PAD
    0x080008c4   0x080008c4   0x00000048   Code   RO         3187    .text.TimerInsert   RTX_CM4F.lib(rtx_timer.o)
    0x0800090c   0x0800090c   0x00000024   Code   RO         3153    .text.osDelay       RTX_CM4F.lib(rtx_delay.o)
    0x08000930   0x08000930   0x00000030   Code   RO         2945    .text.osKernelGetState  RTX_CM4F.lib(rtx_kernel.o)
    0x08000960   0x08000960   0x00000024   Code   RO         2969    .text.osKernelGetSysTimerCount  RTX_CM4F.lib(rtx_kernel.o)
    0x08000984   0x08000984   0x00000024   Code   RO         2973    .text.osKernelGetSysTimerFreq  RTX_CM4F.lib(rtx_kernel.o)
    0x080009a8   0x080009a8   0x0000002c   Code   RO         2939    .text.osKernelInitialize  RTX_CM4F.lib(rtx_kernel.o)
    0x080009d4   0x080009d4   0x00000024   Code   RO         2949    .text.osKernelStart  RTX_CM4F.lib(rtx_kernel.o)
    0x080009f8   0x080009f8   0x00000070   Code   RO         3345    .text.osMessageQueueGet  RTX_CM4F.lib(rtx_msgqueue.o)
    0x08000a68   0x08000a68   0x00000080   Code   RO         3343    .text.osMessageQueuePut  RTX_CM4F.lib(rtx_msgqueue.o)
    0x08000ae8   0x08000ae8   0x00000024   Code   RO         3219    .text.osMutexAcquire  RTX_CM4F.lib(rtx_mutex.o)
    0x08000b0c   0x08000b0c   0x00000024   Code   RO         3225    .text.osMutexDelete  RTX_CM4F.lib(rtx_mutex.o)
    0x08000b30   0x08000b30   0x00000024   Code   RO         3215    .text.osMutexNew    RTX_CM4F.lib(rtx_mutex.o)
    0x08000b54   0x08000b54   0x00000024   Code   RO         3221    .text.osMutexRelease  RTX_CM4F.lib(rtx_mutex.o)
    0x08000b78   0x08000b78   0x00000004   Code   RO         2937    .text.osRtxKernelErrorNotify  RTX_CM4F.lib(rtx_kernel.o)
    0x08000b7c   0x08000b7c   0x00000002   Code   RO         2935    .text.osRtxKernelPreInit  RTX_CM4F.lib(rtx_kernel.o)
    0x08000b7e   0x08000b7e   0x0000006c   Code   RO         3579    .text.osRtxMemoryAlloc  RTX_CM4F.lib(rtx_memory.o)
    0x08000bea   0x08000bea   0x00000042   Code   RO         3581    .text.osRtxMemoryFree  RTX_CM4F.lib(rtx_memory.o)
    0x08000c2c   0x08000c2c   0x00000036   Code   RO         3577    .text.osRtxMemoryInit  RTX_CM4F.lib(rtx_memory.o)
    0x08000c62   0x08000c62   0x0000003a   Code   RO         3285    .text.osRtxMemoryPoolAlloc  RTX_CM4F.lib(rtx_mempool.o)
    0x08000c9c   0x08000c9c   0x0000004a   Code   RO         3287    .text.osRtxMemoryPoolFree  RTX_CM4F.lib(rtx_mempool.o)
    0x08000ce6   0x08000ce6   0x00000038   Code   RO         3283    .text.osRtxMemoryPoolInit  RTX_CM4F.lib(rtx_mempool.o)
    0x08000d1e   0x08000d1e   0x000000aa   Code   RO         3367    .text.osRtxMessageQueuePostProcess  RTX_CM4F.lib(rtx_msgqueue.o)
    0x08000dc8   0x08000dc8   0x00000028   Code   RO         3335    .text.osRtxMessageQueueTimerSetup  RTX_CM4F.lib(rtx_msgqueue.o)
    0x08000df0   0x08000df0   0x00000048   Code   RO         3211    .text.osRtxMutexOwnerRelease  RTX_CM4F.lib(rtx_mutex.o)
    0x08000e38   0x08000e38   0x00000042   Code   RO         3213    .text.osRtxMutexOwnerRestore  RTX_CM4F.lib(rtx_mutex.o)
    0x08000e7a   0x08000e7a   0x00000002   PAD
    0x08000e7c   0x08000e7c   0x0000008c   Code   RO         3593    .text.osRtxPendSV_Handler  RTX_CM4F.lib(rtx_system.o)
    0x08000f08   0x08000f08   0x00000074   Code   RO         3595    .text.osRtxPostProcess  RTX_CM4F.lib(rtx_system.o)
    0x08000f7c   0x08000f7c   0x00000038   Code   RO         3027    .text.osRtxThreadBlock  RTX_CM4F.lib(rtx_thread.o)
    0x08000fb4   0x08000fb4   0x00000080   Code   RO         3035    .text.osRtxThreadDelayInsert  RTX_CM4F.lib(rtx_thread.o)
    0x08001034   0x08001034   0x00000040   Code   RO         3031    .text.osRtxThreadDelayRemove  RTX_CM4F.lib(rtx_thread.o)
    0x08001074   0x08001074   0x0000004c   Code   RO         3017    .text.osRtxThreadDelayTick  RTX_CM4F.lib(rtx_thread.o)
    0x080010c0   0x080010c0   0x00000024   Code   RO         3119    .text.osRtxThreadDestroy  RTX_CM4F.lib(rtx_thread.o)
    0x080010e4   0x080010e4   0x00000054   Code   RO         3025    .text.osRtxThreadDispatch  RTX_CM4F.lib(rtx_thread.o)
    0x08001138   0x08001138   0x00000058   Code   RO         3111    .text.osRtxThreadFree  RTX_CM4F.lib(rtx_thread.o)
    0x08001190   0x08001190   0x0000001e   Code   RO         3117    .text.osRtxThreadJoinWakeup  RTX_CM4F.lib(rtx_thread.o)
    0x080011ae   0x080011ae   0x00000012   Code   RO         3009    .text.osRtxThreadListGet  RTX_CM4F.lib(rtx_thread.o)
    0x080011c0   0x080011c0   0x0000002c   Code   RO         3007    .text.osRtxThreadListPut  RTX_CM4F.lib(rtx_thread.o)
    0x080011ec   0x080011ec   0x00000014   Code   RO         3013    .text.osRtxThreadListRemove  RTX_CM4F.lib(rtx_thread.o)
    0x08001200   0x08001200   0x0000000c   Code   RO         3019    .text.osRtxThreadListRoot  RTX_CM4F.lib(rtx_thread.o)
    0x0800120c   0x0800120c   0x00000026   Code   RO         3011    .text.osRtxThreadListSort  RTX_CM4F.lib(rtx_thread.o)
    0x08001232   0x08001232   0x00000028   Code   RO         3085    .text.osRtxThreadPostProcess  RTX_CM4F.lib(rtx_thread.o)
    0x0800125a   0x0800125a   0x00000002   PAD
    0x0800125c   0x0800125c   0x00000014   Code   RO         3015    .text.osRtxThreadReadyPut  RTX_CM4F.lib(rtx_thread.o)
    0x08001270   0x08001270   0x00000014   Code   RO         3021    .text.osRtxThreadRegPtr  RTX_CM4F.lib(rtx_thread.o)
    0x08001284   0x08001284   0x0000003c   Code   RO         3037    .text.osRtxThreadStartup  RTX_CM4F.lib(rtx_thread.o)
    0x080012c0   0x080012c0   0x00000010   Code   RO         3023    .text.osRtxThreadSwitch  RTX_CM4F.lib(rtx_thread.o)
    0x080012d0   0x080012d0   0x0000003c   Code   RO         3033    .text.osRtxThreadWaitEnter  RTX_CM4F.lib(rtx_thread.o)
    0x0800130c   0x0800130c   0x00000030   Code   RO         3029    .text.osRtxThreadWaitExit  RTX_CM4F.lib(rtx_thread.o)
    0x0800133c   0x0800133c   0x00000078   Code   RO         3591    .text.osRtxTick_Handler  RTX_CM4F.lib(rtx_system.o)
    0x080013b4   0x080013b4   0x00000020   Code   RO         3169    .text.osRtxTimerSetup  RTX_CM4F.lib(rtx_timer.o)
    0x080013d4   0x080013d4   0x00000020   Code   RO         3173    .text.osRtxTimerThread  RTX_CM4F.lib(rtx_timer.o)
    0x080013f4   0x080013f4   0x00000070   Code   RO         3171    .text.osRtxTimerTick  RTX_CM4F.lib(rtx_timer.o)
    0x08001464   0x08001464   0x0000000c   Code   RO         3069    .text.osThreadExit  RTX_CM4F.lib(rtx_thread.o)
    0x08001470   0x08001470   0x00000024   Code   RO         3041    .text.osThreadNew   RTX_CM4F.lib(rtx_thread.o)
    0x08001494   0x08001494   0x00000016   Code   RO         3157    .text.svcRtxDelay   RTX_CM4F.lib(rtx_delay.o)
    0x080014aa   0x080014aa   0x00000002   PAD
    0x080014ac   0x080014ac   0x0000000c   Code   RO         2947    .text.svcRtxKernelGetState  RTX_CM4F.lib(rtx_kernel.o)
    0x080014b8   0x080014b8   0x00000028   Code   RO         2971    .text.svcRtxKernelGetSysTimerCount  RTX_CM4F.lib(rtx_kernel.o)
    0x080014e0   0x080014e0   0x00000004   Code   RO         2975    .text.svcRtxKernelGetSysTimerFreq  RTX_CM4F.lib(rtx_kernel.o)
    0x080014e4   0x080014e4   0x00000100   Code   RO         2977    .text.svcRtxKernelInitialize  RTX_CM4F.lib(rtx_kernel.o)
    0x080015e4   0x080015e4   0x00000088   Code   RO         2979    .text.svcRtxKernelStart  RTX_CM4F.lib(rtx_kernel.o)
    0x0800166c   0x0800166c   0x000000d8   Code   RO         3379    .text.svcRtxMessageQueueGet  RTX_CM4F.lib(rtx_msgqueue.o)
    0x08001744   0x08001744   0x0000011e   Code   RO         3337    .text.svcRtxMessageQueueNew  RTX_CM4F.lib(rtx_msgqueue.o)
    0x08001862   0x08001862   0x00000002   PAD
    0x08001864   0x08001864   0x000000b4   Code   RO         3375    .text.svcRtxMessageQueuePut  RTX_CM4F.lib(rtx_msgqueue.o)
    0x08001918   0x08001918   0x00000090   Code   RO         3231    .text.svcRtxMutexAcquire  RTX_CM4F.lib(rtx_mutex.o)
    0x080019a8   0x080019a8   0x000000b0   Code   RO         3237    .text.svcRtxMutexDelete  RTX_CM4F.lib(rtx_mutex.o)
    0x08001a58   0x08001a58   0x00000068   Code   RO         3227    .text.svcRtxMutexNew  RTX_CM4F.lib(rtx_mutex.o)
    0x08001ac0   0x08001ac0   0x000000b4   Code   RO         3233    .text.svcRtxMutexRelease  RTX_CM4F.lib(rtx_mutex.o)
    0x08001b74   0x08001b74   0x0000004c   Code   RO         3115    .text.svcRtxThreadExit  RTX_CM4F.lib(rtx_thread.o)
    0x08001bc0   0x08001bc0   0x000001f2   Code   RO         3039    .text.svcRtxThreadNew  RTX_CM4F.lib(rtx_thread.o)
    0x08001db2   0x08001db2   0x00000004   Code   RO          227    i.BusFault_Handler  stm32l4xx_it.o
    0x08001db6   0x08001db6   0x00000002   PAD
    0x08001db8   0x08001db8   0x00000054   Code   RO         3996    i.CheckJSect        FS_Dbg_LFN_CM3_L.lib(fs_journal.o)
    0x08001e0c   0x08001e0c   0x000000dc   Code   RO         3997    i.CheckJourn        FS_Dbg_LFN_CM3_L.lib(fs_journal.o)
    0x08001ee8   0x08001ee8   0x00000010   Code   RO          228    i.DMA1_Channel2_IRQHandler  stm32l4xx_it.o
    0x08001ef8   0x08001ef8   0x00000010   Code   RO          229    i.DMA1_Channel3_IRQHandler  stm32l4xx_it.o
    0x08001f08   0x08001f08   0x00000044   Code   RO            4    i.DMA_Init          main.o
    0x08001f4c   0x08001f4c   0x00000002   Code   RO          230    i.DebugMon_Handler  stm32l4xx_it.o
    0x08001f4e   0x08001f4e   0x00000006   Code   RO            5    i.Error_Handler     main.o
    0x08001f54   0x08001f54   0x00000028   Code   RO          754    i.EventCheckFilter  eventrecorder.o
    0x08001f7c   0x08001f7c   0x00000058   Code   RO          755    i.EventGetTS        eventrecorder.o
    0x08001fd4   0x08001fd4   0x00000046   Code   RO          756    i.EventRecord2      eventrecorder.o
    0x0800201a   0x0800201a   0x0000007c   Code   RO          757    i.EventRecord4      eventrecorder.o
    0x08002096   0x08002096   0x00000002   PAD
    0x08002098   0x08002098   0x000000de   Code   RO          759    i.EventRecordItem   eventrecorder.o
    0x08002176   0x08002176   0x00000002   PAD
    0x08002178   0x08002178   0x0000005c   Code   RO          761    i.EventRecorderDisable  eventrecorder.o
    0x080021d4   0x080021d4   0x0000000c   Code   RO          766    i.EventRecorderTimerGetCount  eventrecorder.o
    0x080021e0   0x080021e0   0x00000016   Code   RO         3670    i.EvrFsFAT_SectorReadFailed  FS_Dbg_LFN_CM3_L.lib(fs_fat.o)
    0x080021f6   0x080021f6   0x00000016   Code   RO         3671    i.EvrFsFAT_SectorWriteFailed  FS_Dbg_LFN_CM3_L.lib(fs_fat.o)
    0x0800220c   0x0800220c   0x0000000c   Code   RO         3471    i.EvrFsMcSPI_CmdResponseError  FS_Dbg_LFN_CM3_L.lib(fs_mc_spi.o)
    0x08002218   0x08002218   0x00000010   Code   RO          769    i.GetContext        eventrecorder.o
    0x08002228   0x08002228   0x0000005a   Code   RO         1342    i.HAL_DMA_Abort     stm32l4xx_hal_dma.o
    0x08002282   0x08002282   0x000000fe   Code   RO         1347    i.HAL_DMA_IRQHandler  stm32l4xx_hal_dma.o
    0x08002380   0x08002380   0x0000010c   Code   RO         1348    i.HAL_DMA_Init      stm32l4xx_hal_dma.o
    0x0800248c   0x0800248c   0x00000118   Code   RO         1454    i.HAL_GPIO_DeInit   stm32l4xx_hal_gpio.o
    0x080025a4   0x080025a4   0x000001c8   Code   RO         1457    i.HAL_GPIO_Init     stm32l4xx_hal_gpio.o
    0x0800276c   0x0800276c   0x00000010   Code   RO         1459    i.HAL_GPIO_ReadPin  stm32l4xx_hal_gpio.o
    0x0800277c   0x0800277c   0x0000000a   Code   RO         1461    i.HAL_GPIO_WritePin  stm32l4xx_hal_gpio.o
    0x08002786   0x08002786   0x00000002   PAD
    0x08002788   0x08002788   0x0000000c   Code   RO          978    i.HAL_GetTick       stm32l4xx_hal.o
    0x08002794   0x08002794   0x0000001e   Code   RO          985    i.HAL_Init          stm32l4xx_hal.o
    0x080027b2   0x080027b2   0x00000002   PAD
    0x080027b4   0x080027b4   0x00000058   Code   RO          986    i.HAL_InitTick      stm32l4xx_hal.o
    0x0800280c   0x0800280c   0x00000040   Code   RO         2522    i.HAL_MspInit       stm32l4xx_hal_msp.o
    0x0800284c   0x0800284c   0x00000028   Code   RO         1206    i.HAL_NVIC_EnableIRQ  stm32l4xx_hal_cortex.o
    0x08002874   0x08002874   0x00000082   Code   RO         1212    i.HAL_NVIC_SetPriority  stm32l4xx_hal_cortex.o
    0x080028f6   0x080028f6   0x00000002   PAD
    0x080028f8   0x080028f8   0x00000028   Code   RO         1213    i.HAL_NVIC_SetPriorityGrouping  stm32l4xx_hal_cortex.o
    0x08002920   0x08002920   0x0000008c   Code   RO         1635    i.HAL_PWREx_ControlVoltageScaling  stm32l4xx_hal_pwr_ex.o
    0x080029ac   0x080029ac   0x00000010   Code   RO         1662    i.HAL_PWREx_GetVoltageRange  stm32l4xx_hal_pwr_ex.o
    0x080029bc   0x080029bc   0x0000017c   Code   RO         1857    i.HAL_RCC_ClockConfig  stm32l4xx_hal_rcc.o
    0x08002b38   0x08002b38   0x0000000c   Code   RO         1861    i.HAL_RCC_GetHCLKFreq  stm32l4xx_hal_rcc.o
    0x08002b44   0x08002b44   0x00000024   Code   RO         1864    i.HAL_RCC_GetPCLK2Freq  stm32l4xx_hal_rcc.o
    0x08002b68   0x08002b68   0x000000ec   Code   RO         1865    i.HAL_RCC_GetSysClockFreq  stm32l4xx_hal_rcc.o
    0x08002c54   0x08002c54   0x00000768   Code   RO         1868    i.HAL_RCC_OscConfig  stm32l4xx_hal_rcc.o
    0x080033bc   0x080033bc   0x0000002c   Code   RO         2462    i.HAL_SPIEx_FlushRxFifo  stm32l4xx_hal_spi_ex.o
    0x080033e8   0x080033e8   0x000001c4   Code   RO         2135    i.HAL_SPI_Abort     stm32l4xx_hal_spi.o
    0x080035ac   0x080035ac   0x00000036   Code   RO         2141    i.HAL_SPI_DeInit    stm32l4xx_hal_spi.o
    0x080035e2   0x080035e2   0x00000040   Code   RO          584    i.HAL_SPI_ErrorCallback  spi_stm32l4xx.o
    0x08003622   0x08003622   0x00000006   Code   RO         2143    i.HAL_SPI_GetError  stm32l4xx_hal_spi.o
    0x08003628   0x08003628   0x00000008   Code   RO         2144    i.HAL_SPI_GetState  stm32l4xx_hal_spi.o
    0x08003630   0x08003630   0x000000f0   Code   RO         2146    i.HAL_SPI_Init      stm32l4xx_hal_spi.o
    0x08003720   0x08003720   0x00000002   Code   RO         2147    i.HAL_SPI_MspDeInit  stm32l4xx_hal_spi.o
    0x08003722   0x08003722   0x00000002   Code   RO         2148    i.HAL_SPI_MspInit   stm32l4xx_hal_spi.o
    0x08003724   0x08003724   0x000000f8   Code   RO         2151    i.HAL_SPI_Receive_IT  stm32l4xx_hal_spi.o
    0x0800381c   0x0800381c   0x0000000c   Code   RO          585    i.HAL_SPI_RxCpltCallback  spi_stm32l4xx.o
    0x08003828   0x08003828   0x000000f8   Code   RO         2157    i.HAL_SPI_TransmitReceive_IT  stm32l4xx_hal_spi.o
    0x08003920   0x08003920   0x000000bc   Code   RO         2159    i.HAL_SPI_Transmit_IT  stm32l4xx_hal_spi.o
    0x080039dc   0x080039dc   0x0000001a   Code   RO          586    i.HAL_SPI_TxCpltCallback  spi_stm32l4xx.o
    0x080039f6   0x080039f6   0x0000000c   Code   RO          587    i.HAL_SPI_TxRxCpltCallback  spi_stm32l4xx.o
    0x08003a02   0x08003a02   0x00000028   Code   RO         1215    i.HAL_SYSTICK_CLKSourceConfig  stm32l4xx_hal_cortex.o
    0x08003a2a   0x08003a2a   0x00000034   Code   RO         1217    i.HAL_SYSTICK_Config  stm32l4xx_hal_cortex.o
    0x08003a5e   0x08003a5e   0x00000004   Code   RO          231    i.HardFault_Handler  stm32l4xx_it.o
    0x08003a62   0x08003a62   0x00000002   PAD
    0x08003a64   0x08003a64   0x0000000c   Code   RO         2591    i.MC0_SPI_SignalEvent  fs_config.o
    0x08003a70   0x08003a70   0x000000d4   Code   RO            6    i.MX_GPIO_Init      main.o
    0x08003b44   0x08003b44   0x00000024   Code   RO            7    i.Main_Thread       main.o
    0x08003b68   0x08003b68   0x00000004   Code   RO          232    i.MemManage_Handler  stm32l4xx_it.o
    0x08003b6c   0x08003b6c   0x00000004   Code   RO          233    i.NMI_Handler       stm32l4xx_it.o
    0x08003b70   0x08003b70   0x0000009c   Code   RO         1869    i.RCC_SetFlashLatencyFromMSIRange  stm32l4xx_hal_rcc.o
    0x08003c0c   0x08003c0c   0x00000018   Code   RO          588    i.SPI1_Control      spi_stm32l4xx.o
    0x08003c24   0x08003c24   0x00000010   Code   RO          589    i.SPI1_GetDataCount  spi_stm32l4xx.o
    0x08003c34   0x08003c34   0x00000010   Code   RO          590    i.SPI1_GetStatus    spi_stm32l4xx.o
    0x08003c44   0x08003c44   0x00000014   Code   RO          591    i.SPI1_Initialize   spi_stm32l4xx.o
    0x08003c58   0x08003c58   0x00000014   Code   RO          592    i.SPI1_PowerControl  spi_stm32l4xx.o
    0x08003c6c   0x08003c6c   0x00000018   Code   RO          593    i.SPI1_Receive      spi_stm32l4xx.o
    0x08003c84   0x08003c84   0x00000018   Code   RO          594    i.SPI1_Send         spi_stm32l4xx.o
    0x08003c9c   0x08003c9c   0x0000001c   Code   RO          595    i.SPI1_Transfer     spi_stm32l4xx.o
    0x08003cb8   0x08003cb8   0x00000010   Code   RO          596    i.SPI1_Uninitialize  spi_stm32l4xx.o
    0x08003cc8   0x08003cc8   0x0000000c   Code   RO          597    i.SPIX_GetCapabilities  spi_stm32l4xx.o
    0x08003cd4   0x08003cd4   0x00000010   Code   RO          598    i.SPIX_GetVersion   spi_stm32l4xx.o
    0x08003ce4   0x08003ce4   0x00000118   Code   RO            8    i.SPI_1_Init        main.o
    0x08003dfc   0x08003dfc   0x0000003a   Code   RO         2164    i.SPI_2linesRxISR_16BIT  stm32l4xx_hal_spi.o
    0x08003e36   0x08003e36   0x00000070   Code   RO         2165    i.SPI_2linesRxISR_8BIT  stm32l4xx_hal_spi.o
    0x08003ea6   0x08003ea6   0x00000036   Code   RO         2166    i.SPI_2linesTxISR_16BIT  stm32l4xx_hal_spi.o
    0x08003edc   0x08003edc   0x00000052   Code   RO         2167    i.SPI_2linesTxISR_8BIT  stm32l4xx_hal_spi.o
    0x08003f2e   0x08003f2e   0x00000002   PAD
    0x08003f30   0x08003f30   0x0000009c   Code   RO         2168    i.SPI_AbortRx_ISR   stm32l4xx_hal_spi.o
    0x08003fcc   0x08003fcc   0x00000108   Code   RO         2169    i.SPI_AbortTx_ISR   stm32l4xx_hal_spi.o
    0x080040d4   0x080040d4   0x00000060   Code   RO         2170    i.SPI_CloseRxTx_ISR  stm32l4xx_hal_spi.o
    0x08004134   0x08004134   0x00000044   Code   RO         2171    i.SPI_CloseRx_ISR   stm32l4xx_hal_spi.o
    0x08004178   0x08004178   0x0000005e   Code   RO         2172    i.SPI_CloseTx_ISR   stm32l4xx_hal_spi.o
    0x080041d6   0x080041d6   0x00000516   Code   RO          599    i.SPI_Control       spi_stm32l4xx.o
    0x080046ec   0x080046ec   0x00000082   Code   RO         2183    i.SPI_EndRxTransaction  stm32l4xx_hal_spi.o
    0x0800476e   0x0800476e   0x00000064   Code   RO         2184    i.SPI_EndRxTxTransaction  stm32l4xx_hal_spi.o
    0x080047d2   0x080047d2   0x0000003e   Code   RO          600    i.SPI_GetDataCount  spi_stm32l4xx.o
    0x08004810   0x08004810   0x00000082   Code   RO          601    i.SPI_GetStatus     spi_stm32l4xx.o
    0x08004892   0x08004892   0x00000044   Code   RO          602    i.SPI_Initialize    spi_stm32l4xx.o
    0x080048d6   0x080048d6   0x00000002   PAD
    0x080048d8   0x080048d8   0x00000088   Code   RO          603    i.SPI_PeripheralReset  spi_stm32l4xx.o
    0x08004960   0x08004960   0x0000009e   Code   RO          604    i.SPI_PowerControl  spi_stm32l4xx.o
    0x080049fe   0x080049fe   0x000000b0   Code   RO          605    i.SPI_Receive       spi_stm32l4xx.o
    0x08004aae   0x08004aae   0x00000002   PAD
    0x08004ab0   0x08004ab0   0x00000018   Code   RO          606    i.SPI_Resources     spi_stm32l4xx.o
    0x08004ac8   0x08004ac8   0x0000002a   Code   RO         2185    i.SPI_RxISR_16BIT   stm32l4xx_hal_spi.o
    0x08004af2   0x08004af2   0x0000002a   Code   RO         2186    i.SPI_RxISR_8BIT    stm32l4xx_hal_spi.o
    0x08004b1c   0x08004b1c   0x00000078   Code   RO          607    i.SPI_Send          spi_stm32l4xx.o
    0x08004b94   0x08004b94   0x00000088   Code   RO          608    i.SPI_Transfer      spi_stm32l4xx.o
    0x08004c1c   0x08004c1c   0x0000001c   Code   RO          609    i.SPI_TransferComplete  spi_stm32l4xx.o
    0x08004c38   0x08004c38   0x00000024   Code   RO         2187    i.SPI_TxISR_16BIT   stm32l4xx_hal_spi.o
    0x08004c5c   0x08004c5c   0x00000024   Code   RO         2188    i.SPI_TxISR_8BIT    stm32l4xx_hal_spi.o
    0x08004c80   0x08004c80   0x00000022   Code   RO          610    i.SPI_Uninitialize  spi_stm32l4xx.o
    0x08004ca2   0x08004ca2   0x00000002   PAD
    0x08004ca4   0x08004ca4   0x000000ee   Code   RO         2189    i.SPI_WaitFifoStateUntilTimeout  stm32l4xx_hal_spi.o
    0x08004d92   0x08004d92   0x00000002   PAD
    0x08004d94   0x08004d94   0x000000de   Code   RO         2190    i.SPI_WaitFlagStateUntilTimeout  stm32l4xx_hal_spi.o
    0x08004e72   0x08004e72   0x00000002   PAD
    0x08004e74   0x08004e74   0x00000078   Code   RO         3998    i.SetBuf            FS_Dbg_LFN_CM3_L.lib(fs_journal.o)
    0x08004eec   0x08004eec   0x00000098   Code   RO            9    i.SystemClock_Config  main.o
    0x08004f84   0x08004f84   0x00000048   Code   RO         2554    i.SystemInit        system_stm32l4xx.o
    0x08004fcc   0x08004fcc   0x00000004   Code   RO          237    i.UsageFault_Handler  stm32l4xx_it.o
    0x08004fd0   0x08004fd0   0x00000010   Code   RO         1219    i.__NVIC_GetPriorityGrouping  stm32l4xx_hal_cortex.o
    0x08004fe0   0x08004fe0   0x00000028   Code   RO         1220    i.__NVIC_SetPriority  stm32l4xx_hal_cortex.o
    0x08005008   0x08005008   0x00000016   Code   RO          467    i._mutex_acquire    rtx_lib.o
    0x0800501e   0x0800501e   0x0000000c   Code   RO          468    i._mutex_free       rtx_lib.o
    0x0800502a   0x0800502a   0x00000022   Code   RO          469    i._mutex_initialize  rtx_lib.o
    0x0800504c   0x0800504c   0x00000012   Code   RO          470    i._mutex_release    rtx_lib.o
    0x0800505e   0x0800505e   0x00000008   Code   RO          471    i._platform_post_stackheap_init  rtx_lib.o
    0x08005066   0x08005066   0x0000009a   Code   RO         3674    i.alloc_table_read  FS_Dbg_LFN_CM3_L.lib(fs_fat.o)
    0x08005100   0x08005100   0x000000dc   Code   RO         3675    i.alloc_table_write  FS_Dbg_LFN_CM3_L.lib(fs_fat.o)
    0x080051dc   0x080051dc   0x000000d0   Code   RO         3676    i.bs_read           FS_Dbg_LFN_CM3_L.lib(fs_fat.o)
    0x080052ac   0x080052ac   0x000000b8   Code   RO         3678    i.cache_fat         FS_Dbg_LFN_CM3_L.lib(fs_fat.o)
    0x08005364   0x08005364   0x00000024   Code   RO         3681    i.clus_to_sect      FS_Dbg_LFN_CM3_L.lib(fs_fat.o)
    0x08005388   0x08005388   0x00000004   Code   RO         2604    i.efs_init          fs_config.o
    0x0800538c   0x0800538c   0x00000004   Code   RO         2605    i.efs_mount         fs_config.o
    0x08005390   0x08005390   0x00000004   Code   RO         2616    i.elink_init        fs_config.o
    0x08005394   0x08005394   0x00000088   Code   RO         3705    i.fat_init          FS_Dbg_LFN_CM3_L.lib(fs_fat.o)
    0x0800541c   0x0800541c   0x00000080   Code   RO         3706    i.fat_jour_init     FS_Dbg_LFN_CM3_L.lib(fs_fat.o)
    0x0800549c   0x0800549c   0x00000098   Code   RO         3707    i.fat_jour_prep     FS_Dbg_LFN_CM3_L.lib(fs_fat.o)
    0x08005534   0x08005534   0x000001e4   Code   RO         3710    i.fat_mount         FS_Dbg_LFN_CM3_L.lib(fs_fat.o)
    0x08005718   0x08005718   0x000000d4   Code   RO         3722    i.fat_vol_chk       FS_Dbg_LFN_CM3_L.lib(fs_fat.o)
    0x080057ec   0x080057ec   0x00000058   Code   RO         3416    i.finit             FS_Dbg_LFN_CM3_L.lib(fs_mapi.o)
    0x08005844   0x08005844   0x00000064   Code   RO         3419    i.fmount            FS_Dbg_LFN_CM3_L.lib(fs_mapi.o)
    0x080058a8   0x080058a8   0x000000a8   Code   RO         3423    i.fs_component_init  FS_Dbg_LFN_CM3_L.lib(fs_mapi.o)
    0x08005950   0x08005950   0x0000000e   Code   RO         2620    i.fs_config         fs_config.o
    0x0800595e   0x0800595e   0x0000000e   Code   RO         2907    i.fs_config_evr     fs_debug.o
    0x0800596c   0x0800596c   0x00000058   Code   RO         2621    i.fs_config_mc      fs_config.o
    0x080059c4   0x080059c4   0x000000cc   Code   RO         3634    i.fs_drive_id       FS_Dbg_LFN_CM3_L.lib(fs_common.o)
    0x08005a90   0x08005a90   0x00000006   Code   RO         2622    i.fs_get_rtos_tick_freq  fs_config.o
    0x08005a96   0x08005a96   0x00000004   Code   RO         2623    i.fs_get_sys_tick   fs_config.o
    0x08005a9a   0x08005a9a   0x00000002   PAD
    0x08005a9c   0x08005a9c   0x0000001c   Code   RO         2624    i.fs_get_sys_tick_us  fs_config.o
    0x08005ab8   0x08005ab8   0x00000004   Code   RO         3903    i.fs_mc_lock_unlock  FS_Dbg_LFN_CM3_L.lib(fs_mc_mci.o)
    0x08005abc   0x08005abc   0x0000001c   Code   RO           10    i.fs_mc_read_cd     main.o
    0x08005ad8   0x08005ad8   0x00000006   Code   RO           11    i.fs_mc_read_wp     main.o
    0x08005ade   0x08005ade   0x00000002   PAD
    0x08005ae0   0x08005ae0   0x00000028   Code   RO           12    i.fs_mc_spi_control_ss  main.o
    0x08005b08   0x08005b08   0x00000012   Code   RO         2625    i.fs_mutex_acquire  fs_config.o
    0x08005b1a   0x08005b1a   0x00000004   Code   RO         2627    i.fs_mutex_new      fs_config.o
    0x08005b1e   0x08005b1e   0x00000010   Code   RO         2628    i.fs_mutex_release  fs_config.o
    0x08005b2e   0x08005b2e   0x00000002   PAD
    0x08005b30   0x08005b30   0x00000020   Code   RO         3635    i.fs_set_cdrive     FS_Dbg_LFN_CM3_L.lib(fs_common.o)
    0x08005b50   0x08005b50   0x0000000a   Code   RO         2629    i.fs_set_rtos_delay  fs_config.o
    0x08005b5a   0x08005b5a   0x00000002   PAD
    0x08005b5c   0x08005b5c   0x000000b0   Code   RO         3734    i.fsinfo_read       FS_Dbg_LFN_CM3_L.lib(fs_fat.o)
    0x08005c0c   0x08005c0c   0x00000070   Code   RO         3735    i.fsinfo_write      FS_Dbg_LFN_CM3_L.lib(fs_fat.o)
    0x08005c7c   0x08005c7c   0x0000002a   Code   RO         3999    i.fsj_init          FS_Dbg_LFN_CM3_L.lib(fs_journal.o)
    0x08005ca6   0x08005ca6   0x00000018   Code   RO         4000    i.fsj_set_space     FS_Dbg_LFN_CM3_L.lib(fs_journal.o)
    0x08005cbe   0x08005cbe   0x000000be   Code   RO         4001    i.fsj_write         FS_Dbg_LFN_CM3_L.lib(fs_journal.o)
    0x08005d7c   0x08005d7c   0x00000024   Code   RO         3737    i.get_RSVD          FS_Dbg_LFN_CM3_L.lib(fs_fat.o)
    0x08005da0   0x08005da0   0x00000032   Code   RO         3738    i.get_fat_sect      FS_Dbg_LFN_CM3_L.lib(fs_fat.o)
    0x08005dd2   0x08005dd2   0x00000010   Code   RO         3739    i.get_root_clus     FS_Dbg_LFN_CM3_L.lib(fs_fat.o)
    0x08005de2   0x08005de2   0x00000010   Code   RO         3639    i.get_u16           FS_Dbg_LFN_CM3_L.lib(fs_common.o)
    0x08005df2   0x08005df2   0x00000016   Code   RO         3640    i.get_u32           FS_Dbg_LFN_CM3_L.lib(fs_common.o)
    0x08005e08   0x08005e08   0x00000038   Code   RO         3740    i.j_chk_rsvd        FS_Dbg_LFN_CM3_L.lib(fs_fat.o)
    0x08005e40   0x08005e40   0x0000000a   Code   RO         3741    i.j_clus_cnt        FS_Dbg_LFN_CM3_L.lib(fs_fat.o)
    0x08005e4a   0x08005e4a   0x00000088   Code   RO         3742    i.j_find_reg        FS_Dbg_LFN_CM3_L.lib(fs_fat.o)
    0x08005ed2   0x08005ed2   0x00000002   PAD
    0x08005ed4   0x08005ed4   0x000000b4   Code   RO         3743    i.j_find_rsvd       FS_Dbg_LFN_CM3_L.lib(fs_fat.o)
    0x08005f88   0x08005f88   0x00000086   Code   RO         3744    i.j_init_fats       FS_Dbg_LFN_CM3_L.lib(fs_fat.o)
    0x0800600e   0x0800600e   0x00000010   Code   RO         3745    i.j_low_boundary    FS_Dbg_LFN_CM3_L.lib(fs_fat.o)
    0x0800601e   0x0800601e   0x0000003c   Code   RO         3746    i.j_mark_rsvd       FS_Dbg_LFN_CM3_L.lib(fs_fat.o)
    0x0800605a   0x0800605a   0x00000030   Code   RO         3747    i.j_rep_space       FS_Dbg_LFN_CM3_L.lib(fs_fat.o)
    0x0800608a   0x0800608a   0x00000002   PAD
    0x0800608c   0x0800608c   0x00000034   Code   RO           13    i.main              main.o
    0x080060c0   0x080060c0   0x00000074   Code   RO         3753    i.mbr_read          FS_Dbg_LFN_CM3_L.lib(fs_fat.o)
    0x08006134   0x08006134   0x0000000c   Code   RO         2630    i.mc0_DevCtrl       fs_config.o
    0x08006140   0x08006140   0x0000000c   Code   RO         2631    i.mc0_Init          fs_config.o
    0x0800614c   0x0800614c   0x0000000c   Code   RO         2632    i.mc0_RdInfo        fs_config.o
    0x08006158   0x08006158   0x0000000c   Code   RO         2633    i.mc0_RdSect        fs_config.o
    0x08006164   0x08006164   0x0000000c   Code   RO         2634    i.mc0_UnInit        fs_config.o
    0x08006170   0x08006170   0x0000000c   Code   RO         2635    i.mc0_WrSect        fs_config.o
    0x0800617c   0x0800617c   0x00000028   Code   RO         3475    i.mc_control_bus_speed  FS_Dbg_LFN_CM3_L.lib(fs_mc_spi.o)
    0x080061a4   0x080061a4   0x000000dc   Code   RO         3476    i.mc_control_lock   FS_Dbg_LFN_CM3_L.lib(fs_mc_spi.o)
    0x08006280   0x08006280   0x00000020   Code   RO         3477    i.mc_control_ss     FS_Dbg_LFN_CM3_L.lib(fs_mc_spi.o)
    0x080062a0   0x080062a0   0x00000064   Code   RO         3478    i.mc_gen_cmd        FS_Dbg_LFN_CM3_L.lib(fs_mc_spi.o)
    0x08006304   0x08006304   0x00000056   Code   RO         3479    i.mc_lock_unlock    FS_Dbg_LFN_CM3_L.lib(fs_mc_spi.o)
    0x0800635a   0x0800635a   0x00000088   Code   RO         3480    i.mc_parse_cid      FS_Dbg_LFN_CM3_L.lib(fs_mc_spi.o)
    0x080063e2   0x080063e2   0x00000002   PAD
    0x080063e4   0x080063e4   0x000000c8   Code   RO         3481    i.mc_parse_csd      FS_Dbg_LFN_CM3_L.lib(fs_mc_spi.o)
    0x080064ac   0x080064ac   0x00000086   Code   RO         3482    i.mc_read_block     FS_Dbg_LFN_CM3_L.lib(fs_mc_spi.o)
    0x08006532   0x08006532   0x00000064   Code   RO         3483    i.mc_read_data      FS_Dbg_LFN_CM3_L.lib(fs_mc_spi.o)
    0x08006596   0x08006596   0x00000046   Code   RO         3484    i.mc_read_ocr       FS_Dbg_LFN_CM3_L.lib(fs_mc_spi.o)
    0x080065dc   0x080065dc   0x00000044   Code   RO         3485    i.mc_read_response  FS_Dbg_LFN_CM3_L.lib(fs_mc_spi.o)
    0x08006620   0x08006620   0x00000040   Code   RO         3486    i.mc_read_status    FS_Dbg_LFN_CM3_L.lib(fs_mc_spi.o)
    0x08006660   0x08006660   0x0000004c   Code   RO         3487    i.mc_receive        FS_Dbg_LFN_CM3_L.lib(fs_mc_spi.o)
    0x080066ac   0x080066ac   0x0000004c   Code   RO         3488    i.mc_send           FS_Dbg_LFN_CM3_L.lib(fs_mc_spi.o)
    0x080066f8   0x080066f8   0x00000052   Code   RO         3489    i.mc_send_cid       FS_Dbg_LFN_CM3_L.lib(fs_mc_spi.o)
    0x0800674a   0x0800674a   0x00000086   Code   RO         3490    i.mc_send_command   FS_Dbg_LFN_CM3_L.lib(fs_mc_spi.o)
    0x080067d0   0x080067d0   0x00000052   Code   RO         3491    i.mc_send_csd       FS_Dbg_LFN_CM3_L.lib(fs_mc_spi.o)
    0x08006822   0x08006822   0x00000046   Code   RO         3492    i.mc_set_block_len  FS_Dbg_LFN_CM3_L.lib(fs_mc_spi.o)
    0x08006868   0x08006868   0x00000110   Code   RO         3493    i.mc_spi_DevCtrl    FS_Dbg_LFN_CM3_L.lib(fs_mc_spi.o)
    0x08006978   0x08006978   0x00000008   Code   RO         3494    i.mc_spi_DrvEvent   FS_Dbg_LFN_CM3_L.lib(fs_mc_spi.o)
    0x08006980   0x08006980   0x000004b0   Code   RO         3495    i.mc_spi_Init       FS_Dbg_LFN_CM3_L.lib(fs_mc_spi.o)
    0x08006e30   0x08006e30   0x00000044   Code   RO         3496    i.mc_spi_ReadInfo   FS_Dbg_LFN_CM3_L.lib(fs_mc_spi.o)
    0x08006e74   0x08006e74   0x00000080   Code   RO         3497    i.mc_spi_ReadSector  FS_Dbg_LFN_CM3_L.lib(fs_mc_spi.o)
    0x08006ef4   0x08006ef4   0x00000054   Code   RO         3498    i.mc_spi_UnInit     FS_Dbg_LFN_CM3_L.lib(fs_mc_spi.o)
    0x08006f48   0x08006f48   0x00000080   Code   RO         3499    i.mc_spi_WriteSector  FS_Dbg_LFN_CM3_L.lib(fs_mc_spi.o)
    0x08006fc8   0x08006fc8   0x00000094   Code   RO         3500    i.mc_spi_set_speed  FS_Dbg_LFN_CM3_L.lib(fs_mc_spi.o)
    0x0800705c   0x0800705c   0x0000007c   Code   RO         3501    i.mc_spi_update_sw_state  FS_Dbg_LFN_CM3_L.lib(fs_mc_spi.o)
    0x080070d8   0x080070d8   0x00000028   Code   RO         3502    i.mc_wait_busy      FS_Dbg_LFN_CM3_L.lib(fs_mc_spi.o)
    0x08007100   0x08007100   0x0000008c   Code   RO         3503    i.mc_write_block    FS_Dbg_LFN_CM3_L.lib(fs_mc_spi.o)
    0x0800718c   0x0800718c   0x0000009e   Code   RO         3504    i.mc_write_data     FS_Dbg_LFN_CM3_L.lib(fs_mc_spi.o)
    0x0800722a   0x0800722a   0x00000012   Code   RO          324    i.osMutexCreate     cmsis_os1.o
    0x0800723c   0x0800723c   0x00000020   Code   RO          554    i.osRtxErrorNotify  rtx_config.o
    0x0800725c   0x0800725c   0x00000004   Code   RO          555    i.osRtxIdleThread   rtx_config.o
    0x08007260   0x08007260   0x00000020   Code   RO          472    i.os_kernel_is_active  rtx_lib.o
    0x08007280   0x08007280   0x00000086   Code   RO         3765    i.read_cache        FS_Dbg_LFN_CM3_L.lib(fs_fat.o)
    0x08007306   0x08007306   0x0000005c   Code   RO         3766    i.read_sector       FS_Dbg_LFN_CM3_L.lib(fs_fat.o)
    0x08007362   0x08007362   0x00000008   Code   RO         3641    i.set_u16           FS_Dbg_LFN_CM3_L.lib(fs_common.o)
    0x0800736a   0x0800736a   0x00000010   Code   RO         3642    i.set_u32           FS_Dbg_LFN_CM3_L.lib(fs_common.o)
    0x0800737a   0x0800737a   0x0000003a   Code   RO         3770    i.switch_fat        FS_Dbg_LFN_CM3_L.lib(fs_fat.o)
    0x080073b4   0x080073b4   0x000000bc   Code   RO         3772    i.write_cache       FS_Dbg_LFN_CM3_L.lib(fs_fat.o)
    0x08007470   0x08007470   0x0000003c   Code   RO         3773    i.write_sector      FS_Dbg_LFN_CM3_L.lib(fs_fat.o)
    0x080074ac   0x080074ac   0x0000000a   Code   RO         4308    x$fpl$fpinit        fz_wm.l(fpinit.o)
    0x080074b6   0x080074b6   0x00000002   PAD
    0x080074b8   0x080074b8   0x00000024   Data   RO           15    .constdata          main.o
    0x080074dc   0x080074dc   0x00000068   Data   RO          480    .constdata          rtx_lib.o
    0x08007544   0x08007544   0x00000050   Data   RO          612    .constdata          spi_stm32l4xx.o
    0x08007594   0x08007594   0x00000018   Data   RO          772    .constdata          eventrecorder.o
    0x080075ac   0x080075ac   0x00000048   Data   RO         2555    .constdata          system_stm32l4xx.o
    0x080075f4   0x080075f4   0x00000034   Data   RO         2638    .constdata          fs_config.o
    0x08007628   0x08007628   0x00000010   Data   RO         3505    .constdata          FS_Dbg_LFN_CM3_L.lib(fs_mc_spi.o)
    0x08007638   0x08007638   0x000000a8   Data   RO          482    .rodata             rtx_lib.o
    0x080076e0   0x080076e0   0x00000001   Data   RO         3395    .rodata             RTX_CM4F.lib(irq_armv7m.o)
    0x080076e1   0x080076e1   0x00000003   PAD
    0x080076e4   0x080076e4   0x0000000b   Data   RO         2997    .rodata.str1.4      RTX_CM4F.lib(rtx_kernel.o)
    0x080076ef   0x080076ef   0x00000001   PAD
    0x080076f0   0x080076f0   0x00000020   Data   RO         4380    Region$$Table       anon$$obj.o


    Execution Region RW_IRAM1 (Exec base: 0x20000000, Load base: 0x08007710, Size: 0x0000b9e8, Max: 0x0000c000, ABSOLUTE, COMPRESSED[0x00000120])

    Exec Addr    Load Addr    Size         Type   Attr      Idx    E Section Name        Object

    0x20000000   COMPRESSED   0x00008040   Data   RW          473    .bss.os             rtx_lib.o
    0x20008040   COMPRESSED   0x00000034   Data   RW          475    .bss.os.msgqueue.cb  rtx_lib.o
    0x20008074   COMPRESSED   0x00000050   Data   RW          476    .bss.os.msgqueue.mem  rtx_lib.o
    0x200080c4   COMPRESSED   0x0000001c   Data   RW         2637    .bss.os.mutex.cb    fs_config.o
    0x200080e0   COMPRESSED   0x00000088   Data   RW          477    .bss.os.thread.cb   rtx_lib.o
    0x20008168   COMPRESSED   0x00000200   Data   RW          478    .bss.os.thread.idle.stack  rtx_lib.o
    0x20008368   COMPRESSED   0x00000200   Data   RW          479    .bss.os.thread.timer.stack  rtx_lib.o
    0x20008568   COMPRESSED   0x00000001   Data   RW          481    .data               rtx_lib.o
    0x20008569   COMPRESSED   0x00000001   PAD
    0x2000856a   COMPRESSED   0x00000004   Data   RW          613    .data               spi_stm32l4xx.o
    0x2000856e   COMPRESSED   0x00000001   Data   RW          773    .data               eventrecorder.o
    0x2000856f   COMPRESSED   0x00000001   PAD
    0x20008570   COMPRESSED   0x00000009   Data   RW         1002    .data               stm32l4xx_hal.o
    0x20008579   COMPRESSED   0x00000003   PAD
    0x2000857c   COMPRESSED   0x00000004   Data   RW         2556    .data               system_stm32l4xx.o
    0x20008580   COMPRESSED   0x00000004   Data   RW         2639    .data               fs_config.o
    0x20008584   COMPRESSED   0x00000001   Data   RW         3431    .data               FS_Dbg_LFN_CM3_L.lib(fs_mapi.o)
    0x20008585   COMPRESSED   0x00000001   Data   RW         3643    .data               FS_Dbg_LFN_CM3_L.lib(fs_common.o)
    0x20008586   COMPRESSED   0x00000002   PAD
    0x20008588   COMPRESSED   0x000000a4   Data   RW         2998    .data.os            RTX_CM4F.lib(rtx_kernel.o)
    0x2000862c   COMPRESSED   0x00000004   PAD
    0x20008630        -       0x000010f8   Zero   RW           14    .bss                main.o
    0x20009728        -       0x0000000c   Zero   RW          611    .bss                spi_stm32l4xx.o
    0x20009734   COMPRESSED   0x0000000c   PAD
    0x20009740        -       0x00001780   Zero   RW         2636    .bss                fs_config.o
    0x2000aec0        -       0x00000060   Zero   RW         4067    .bss                c_w.l(libspace.o)
    0x2000af20   COMPRESSED   0x00000020   PAD
    0x2000af40        -       0x000004a4   Zero   RW          771    .bss.noinit         eventrecorder.o
    0x2000b3e4        -       0x00000001   Zero   RW         3623    .bss.os             RTX_CM4F.lib(os_systick.o)
    0x2000b3e5   COMPRESSED   0x00000003   PAD
    0x2000b3e8        -       0x00000200   Zero   RW         2544    HEAP                startup_stm32l433xx.o
    0x2000b5e8        -       0x00000400   Zero   RW         2543    STACK               startup_stm32l433xx.o


==============================================================================

Image component sizes


      Code (inc. data)   RO Data    RW Data    ZI Data      Debug   Object Name

        18          0          0          0          0      10708   cmsis_os1.o
       796         44         24          1       1188      17214   eventrecorder.o
       284         68         52         32       6016      20788   fs_config.o
        14          0          0          0          0        540   fs_debug.o
       880         62         36          0       4344     666411   main.o
         0          0          0          0          0       5200   retarget_io.o
        36          6          0          0          0       1029   rtx_config.o
       126          4        272      34125          0      13190   rtx_lib.o
      2704        152         80          4         12      24431   spi_stm32l4xx.o
        64         26        396          0       1536        848   startup_stm32l433xx.o
       130         20          0          9          0      11907   stm32l4xx_hal.o
       358         22          0          0          0      35721   stm32l4xx_hal_cortex.o
       612         10          0          0          0       2960   stm32l4xx_hal_dma.o
       762         52          0          0          0       4157   stm32l4xx_hal_gpio.o
        64          6          0          0          0        978   stm32l4xx_hal_msp.o
       156         18          0          0          0       1518   stm32l4xx_hal_pwr_ex.o
      2716         98          0          0          0       7337   stm32l4xx_hal_rcc.o
      3278         72          0          0          0      22164   stm32l4xx_hal_spi.o
        44          0          0          0          0       1276   stm32l4xx_hal_spi_ex.o
        54         12          0          0          0       4215   stm32l4xx_it.o
        72         12         72          4          0       1281   system_stm32l4xx.o

    ----------------------------------------------------------------------
     13202        684        964      34180      13108     853873   Object Totals
         0          0         32          0          0          0   (incl. Generated)
        34          0          0          5         12          0   (incl. Padding)

    ----------------------------------------------------------------------

      Code (inc. data)   RO Data    RW Data    ZI Data      Debug   Library Member Name

       298         24          0          1          0        424   fs_common.o
      3636         72          0          0          0       2476   fs_fat.o
       680         24          0          0          0        488   fs_journal.o
       356         52          0          1          0        252   fs_mapi.o
         4          0          0          0          0         68   fs_mc_mci.o
      4280         94         16          0          0       2548   fs_mc_spi.o
       212         12          1          0          0        634   irq_armv7m.o
       182         48          0          0          1       3200   os_systick.o
        58          4          0          0          0       2791   rtx_delay.o
       672         60         11        164          0      16501   rtx_kernel.o
       228          0          0          0          0       2537   rtx_memory.o
       188          0          0          0          0      16008   rtx_mempool.o
      1324         32          0          0          0      18657   rtx_msgqueue.o
       886         32          0          0          0       9962   rtx_mutex.o
       376         26          0          0          0       5296   rtx_system.o
      1680         84          0          0          0      31847   rtx_thread.o
       248         16          0          0          0      10397   rtx_timer.o
        58          0          0          0          0          0   __dczerorl.o
         8          0          0          0          0         68   __main.o
         0          0          0          0          0          0   __rtentry.o
        20          0          0          0          0          0   __rtentry2.o
         6          0          0          0          0          0   __rtentry4.o
        52          8          0          0          0          0   __scatter.o
        28          0          0          0          0          0   __scatter_zi.o
        18          0          0          0          0         80   exit.o
         6          0          0          0          0        152   heapauxi.o
         0          0          0          0          0          0   indicate_semi.o
         2          0          0          0          0          0   libinit.o
         6          0          0          0          0          0   libinit2.o
         2          0          0          0          0          0   libshutdown.o
         2          0          0          0          0          0   libshutdown2.o
         8          4          0          0         96         68   libspace.o
       238          0          0          0          0        100   lludivv7m.o
        68          0          0          0          0         68   rt_memclr.o
        78          0          0          0          0         80   rt_memclr_w.o
       138          0          0          0          0         68   rt_memcpy_v6.o
       100          0          0          0          0         80   rt_memcpy_w.o
         2          0          0          0          0          0   rtexit.o
        10          0          0          0          0          0   rtexit2.o
        12          4          0          0          0         68   sys_exit.o
        74          0          0          0          0         80   sys_stackheap_outer.o
         2          0          0          0          0         68   use_no_semi.o
        10          0          0          0          0        116   fpinit.o

    ----------------------------------------------------------------------
     16282        596         32        168        136     125182   Library Totals
        26          0          4          2         39          0   (incl. Padding)

    ----------------------------------------------------------------------

      Code (inc. data)   RO Data    RW Data    ZI Data      Debug   Library Name

      9254        266         16          2          0       6256   FS_Dbg_LFN_CM3_L.lib
      6054        314         12        164          1     117830   RTX_CM4F.lib
       938         16          0          0         96        980   c_w.l
        10          0          0          0          0        116   fz_wm.l

    ----------------------------------------------------------------------
     16282        596         32        168        136     125182   Library Totals

    ----------------------------------------------------------------------

==============================================================================


      Code (inc. data)   RO Data    RW Data    ZI Data      Debug   

     29484       1280        996      34348      13244     961543   Grand Totals
     29484       1280        996        288      13244     961543   ELF Image Totals (compressed)
     29484       1280        996        288          0          0   ROM Totals

==============================================================================

    Total RO  Size (Code + RO Data)                30480 (  29.77kB)
    Total RW  Size (RW Data + ZI Data)             47592 (  46.48kB)
    Total ROM Size (Code + RO Data + RW Data)      30768 (  30.05kB)

==============================================================================

